Archive member included because of file (symbol)

/usr/local/gcc-arm-none-eabi-4_9-2015q1/bin/../lib/gcc/arm-none-eabi/4.9.3/armv7e-m/softfp/libgcc.a(_arm_addsubdf3.o)
                              ./src/GSI/gsi.o (__aeabi_dsub)
/usr/local/gcc-arm-none-eabi-4_9-2015q1/bin/../lib/gcc/arm-none-eabi/4.9.3/armv7e-m/softfp/libgcc.a(_arm_fixunsdfsi.o)
                              ./src/GSI/gsi.o (__aeabi_d2uiz)
/usr/local/gcc-arm-none-eabi-4_9-2015q1/bin/../lib/gcc/arm-none-eabi/4.9.3/armv7e-m/softfp/libgcc.a(_aeabi_ldivmod.o)
                              ./src/Security/src/utils.o (__aeabi_ldivmod)
/usr/local/gcc-arm-none-eabi-4_9-2015q1/bin/../lib/gcc/arm-none-eabi/4.9.3/armv7e-m/softfp/libgcc.a(_popcountsi2.o)
                              ./src/GSI/fip/FIPSensorMessage.o (__popcountsi2)
/usr/local/gcc-arm-none-eabi-4_9-2015q1/bin/../lib/gcc/arm-none-eabi/4.9.3/armv7e-m/softfp/libgcc.a(bpabi.o)
                              /usr/local/gcc-arm-none-eabi-4_9-2015q1/bin/../lib/gcc/arm-none-eabi/4.9.3/armv7e-m/softfp/libgcc.a(_aeabi_ldivmod.o) (__gnu_ldivmod_helper)
/usr/local/gcc-arm-none-eabi-4_9-2015q1/bin/../lib/gcc/arm-none-eabi/4.9.3/armv7e-m/softfp/libgcc.a(_dvmd_tls.o)
                              /usr/local/gcc-arm-none-eabi-4_9-2015q1/bin/../lib/gcc/arm-none-eabi/4.9.3/armv7e-m/softfp/libgcc.a(_aeabi_ldivmod.o) (__aeabi_ldiv0)
/usr/local/gcc-arm-none-eabi-4_9-2015q1/bin/../lib/gcc/arm-none-eabi/4.9.3/armv7e-m/softfp/libgcc.a(_divdi3.o)
                              /usr/local/gcc-arm-none-eabi-4_9-2015q1/bin/../lib/gcc/arm-none-eabi/4.9.3/armv7e-m/softfp/libgcc.a(bpabi.o) (__divdi3)
/usr/local/gcc-arm-none-eabi-4_9-2015q1/bin/../lib/gcc/arm-none-eabi/4.9.3/armv7e-m/softfp/libgcc.a(_udivdi3.o)
                              /usr/local/gcc-arm-none-eabi-4_9-2015q1/bin/../lib/gcc/arm-none-eabi/4.9.3/armv7e-m/softfp/libgcc.a(bpabi.o) (__udivdi3)
/usr/local/gcc-arm-none-eabi-4_9-2015q1/bin/../lib/gcc/arm-none-eabi/4.9.3/../../../../arm-none-eabi/lib/armv7e-m/softfp/libg_nano.a(lib_a-errno.o)
                              ./system/src/newlib/_sbrk.o (__errno)
/usr/local/gcc-arm-none-eabi-4_9-2015q1/bin/../lib/gcc/arm-none-eabi/4.9.3/../../../../arm-none-eabi/lib/armv7e-m/softfp/libg_nano.a(lib_a-impure.o)
                              /usr/local/gcc-arm-none-eabi-4_9-2015q1/bin/../lib/gcc/arm-none-eabi/4.9.3/../../../../arm-none-eabi/lib/armv7e-m/softfp/libg_nano.a(lib_a-errno.o) (_impure_ptr)
/usr/local/gcc-arm-none-eabi-4_9-2015q1/bin/../lib/gcc/arm-none-eabi/4.9.3/../../../../arm-none-eabi/lib/armv7e-m/softfp/libg_nano.a(lib_a-malloc.o)
                              ./src/usb/MSC/Src/usbh_msc.o (malloc)
/usr/local/gcc-arm-none-eabi-4_9-2015q1/bin/../lib/gcc/arm-none-eabi/4.9.3/../../../../arm-none-eabi/lib/armv7e-m/softfp/libg_nano.a(lib_a-memcmp.o)
                              ./src/Security/src/join.o (memcmp)
/usr/local/gcc-arm-none-eabi-4_9-2015q1/bin/../lib/gcc/arm-none-eabi/4.9.3/../../../../arm-none-eabi/lib/armv7e-m/softfp/libg_nano.a(lib_a-memcpy.o)
                              ./src/usb/MSC/Src/usbh_msc.o (memcpy)
/usr/local/gcc-arm-none-eabi-4_9-2015q1/bin/../lib/gcc/arm-none-eabi/4.9.3/../../../../arm-none-eabi/lib/armv7e-m/softfp/libg_nano.a(lib_a-memset.o)
                              ./src/usb/MSC/Src/usbh_msc.o (memset)
/usr/local/gcc-arm-none-eabi-4_9-2015q1/bin/../lib/gcc/arm-none-eabi/4.9.3/../../../../arm-none-eabi/lib/armv7e-m/softfp/libg_nano.a(lib_a-nano-freer.o)
                              /usr/local/gcc-arm-none-eabi-4_9-2015q1/bin/../lib/gcc/arm-none-eabi/4.9.3/../../../../arm-none-eabi/lib/armv7e-m/softfp/libg_nano.a(lib_a-malloc.o) (_free_r)
/usr/local/gcc-arm-none-eabi-4_9-2015q1/bin/../lib/gcc/arm-none-eabi/4.9.3/../../../../arm-none-eabi/lib/armv7e-m/softfp/libg_nano.a(lib_a-nano-mallocr.o)
                              /usr/local/gcc-arm-none-eabi-4_9-2015q1/bin/../lib/gcc/arm-none-eabi/4.9.3/../../../../arm-none-eabi/lib/armv7e-m/softfp/libg_nano.a(lib_a-malloc.o) (_malloc_r)
/usr/local/gcc-arm-none-eabi-4_9-2015q1/bin/../lib/gcc/arm-none-eabi/4.9.3/../../../../arm-none-eabi/lib/armv7e-m/softfp/libg_nano.a(lib_a-sbrkr.o)
                              /usr/local/gcc-arm-none-eabi-4_9-2015q1/bin/../lib/gcc/arm-none-eabi/4.9.3/../../../../arm-none-eabi/lib/armv7e-m/softfp/libg_nano.a(lib_a-nano-mallocr.o) (_sbrk_r)
/usr/local/gcc-arm-none-eabi-4_9-2015q1/bin/../lib/gcc/arm-none-eabi/4.9.3/../../../../arm-none-eabi/lib/armv7e-m/softfp/libg_nano.a(lib_a-strcat.o)
                              ./src/EventLogger/Src/EventLogger.o (strcat)
/usr/local/gcc-arm-none-eabi-4_9-2015q1/bin/../lib/gcc/arm-none-eabi/4.9.3/../../../../arm-none-eabi/lib/armv7e-m/softfp/libg_nano.a(lib_a-strcpy.o)
                              ./src/EventLogger/Src/EventLogger.o (strcpy)
/usr/local/gcc-arm-none-eabi-4_9-2015q1/bin/../lib/gcc/arm-none-eabi/4.9.3/../../../../arm-none-eabi/lib/armv7e-m/softfp/libg_nano.a(lib_a-strlen.o)
                              ./system/src/diag/Trace.o (strlen)
[...]
Memory Configuration

Name             Origin             Length             Attributes
RAM              0x20000000         0x00020000         xrw
CCMRAM           0x10000000         0x00010000         xrw
FLASH            0x08000000         0x00100000         xr
FLASHB1          0x00000000         0x00000000         xr
EXTMEMB0         0x00000000         0x00000000         xr
EXTMEMB1         0x00000000         0x00000000         xr
EXTMEMB2         0x00000000         0x00000000         xr
EXTMEMB3         0x00000000         0x00000000         xr
MEMORY_ARRAY     0x20002000         0x00000020         xrw
*default*        0x00000000         0xffffffff

Linker script and memory map

LOAD ./system/src/stm32f4-hal/stm32f4xx_hal.o
LOAD ./system/src/stm32f4-hal/stm32f4xx_hal_adc.o
LOAD ./system/src/stm32f4-hal/stm32f4xx_hal_adc_ex.o
LOAD ./system/src/stm32f4-hal/stm32f4xx_hal_cortex.o
LOAD ./system/src/stm32f4-hal/stm32f4xx_hal_flash.o
LOAD ./system/src/stm32f4-hal/stm32f4xx_hal_flash_ex.o
LOAD ./system/src/stm32f4-hal/stm32f4xx_hal_flash_ramfunc.o
LOAD ./system/src/stm32f4-hal/stm32f4xx_hal_gpio.o
LOAD ./system/src/stm32f4-hal/stm32f4xx_hal_hcd.o
LOAD ./system/src/stm32f4-hal/stm32f4xx_hal_i2c.o
LOAD ./system/src/stm32f4-hal/stm32f4xx_hal_i2c_ex.o
LOAD ./system/src/stm32f4-hal/stm32f4xx_hal_iwdg.o
LOAD ./system/src/stm32f4-hal/stm32f4xx_hal_pcd_ex.o
LOAD ./system/src/stm32f4-hal/stm32f4xx_hal_pwr.o
LOAD ./system/src/stm32f4-hal/stm32f4xx_hal_pwr_ex.o
LOAD ./system/src/stm32f4-hal/stm32f4xx_hal_rcc.o
LOAD ./system/src/stm32f4-hal/stm32f4xx_hal_rcc_ex.o
LOAD ./system/src/stm32f4-hal/stm32f4xx_hal_spi.o
LOAD ./system/src/stm32f4-hal/stm32f4xx_hal_uart.o
LOAD ./system/src/stm32f4-hal/stm32f4xx_ll_usb.o
LOAD ./system/src/newlib/_cxx.o
LOAD ./system/src/newlib/_exit.o
LOAD ./system/src/newlib/_sbrk.o
LOAD ./system/src/newlib/_startup.o
LOAD ./system/src/newlib/_syscalls.o
LOAD ./system/src/newlib/assert.o
LOAD ./system/src/diag/Trace.o
LOAD ./system/src/diag/trace_impl.o
LOAD ./system/src/cortexm/_initialize_hardware.o
LOAD ./system/src/cortexm/_reset_hardware.o
LOAD ./system/src/cortexm/exception_handlers.o
LOAD ./system/src/cmsis/system_stm32f4xx.o
LOAD ./system/src/cmsis/vectors_stm32f4xx.o
LOAD ./src/usb/MSC/Src/usbh_msc.o
LOAD ./src/usb/MSC/Src/usbh_msc_bot.o
LOAD ./src/usb/MSC/Src/usbh_msc_scsi.o
LOAD ./src/usb/Core/Src/usbh_conf.o
LOAD ./src/usb/Core/Src/usbh_core.o
LOAD ./src/usb/Core/Src/usbh_ctlreq.o
LOAD ./src/usb/Core/Src/usbh_ioreq.o
LOAD ./src/usb/Core/Src/usbh_pipes.o
LOAD ./src/fat/src/diskio.o
LOAD ./src/fat/src/ff.o
LOAD ./src/fat/src/ff_gen_drv.o
LOAD ./src/fat/src/file_operations.o
LOAD ./src/fat/src/usbh_diskio.o
LOAD ./src/Sys_Timer/Src/clock.o
LOAD ./src/Security/wolf/src/aes.o
LOAD ./src/Security/wolf/src/arc4.o
LOAD ./src/Security/wolf/src/des3.o
LOAD ./src/Security/wolf/src/hmac.o
LOAD ./src/Security/wolf/src/md5.o
LOAD ./src/Security/wolf/src/misc.o
LOAD ./src/Security/wolf/src/sha.o
LOAD ./src/Security/wolf/src/sha256.o
LOAD ./src/Security/wolf/src/sha512.o
LOAD ./src/Security/src/join.o
LOAD ./src/Security/src/libUART.o
LOAD ./src/Security/src/security.o
LOAD ./src/Security/src/utils.o
LOAD ./src/GSI/fip/FIPMessage.o
LOAD ./src/GSI/fip/FIPMessageDispatcher.o
LOAD ./src/GSI/fip/FIPSensorMessage.o
LOAD ./src/GSI/fip/FIPTerminalMessage.o
LOAD ./src/GSI/gsi.o
LOAD ./src/GSI/gsi_it.o
LOAD ./src/GSI/gsi_msp.o
LOAD ./src/FreeRTOS/Source/portable/MemMang/heap_4.o
LOAD ./src/FreeRTOS/Source/portable/GCC/ARM_CM4F/port.o
LOAD ./src/FreeRTOS/Source/CMSIS_RTOS/cmsis_os.o
LOAD ./src/FreeRTOS/Source/croutine.o
LOAD ./src/FreeRTOS/Source/event_groups.o
LOAD ./src/FreeRTOS/Source/list.o
LOAD ./src/FreeRTOS/Source/queue.o
LOAD ./src/FreeRTOS/Source/tasks.o
LOAD ./src/FreeRTOS/Source/timers.o
LOAD ./src/EventLogger/Src/EventLogger.o
LOAD ./src/EventLogger/Src/EventLogger_conf.o
LOAD ./src/_initialize_hardware.o
LOAD ./src/_write.o
LOAD ./src/main.o
LOAD ./src/stm32f4_discovery.o
LOAD ./src/stm32f4xx_hal_msp.o
LOAD ./src/stm32f4xx_it.o
LOAD /usr/local/gcc-arm-none-eabi-4_9-2015q1/bin/../lib/gcc/arm-none-eabi/4.9.3/../../../../arm-none-eabi/lib/armv7e-m/softfp/libstdc++_nano.a
LOAD /usr/local/gcc-arm-none-eabi-4_9-2015q1/bin/../lib/gcc/arm-none-eabi/4.9.3/../../../../arm-none-eabi/lib/armv7e-m/softfp/libm.a
START GROUP
LOAD /usr/local/gcc-arm-none-eabi-4_9-2015q1/bin/../lib/gcc/arm-none-eabi/4.9.3/armv7e-m/softfp/libgcc.a
LOAD /usr/local/gcc-arm-none-eabi-4_9-2015q1/bin/../lib/gcc/arm-none-eabi/4.9.3/../../../../arm-none-eabi/lib/armv7e-m/softfp/libg_nano.a
LOAD /usr/local/gcc-arm-none-eabi-4_9-2015q1/bin/../lib/gcc/arm-none-eabi/4.9.3/../../../../arm-none-eabi/lib/armv7e-m/softfp/libc_nano.a
END GROUP
START GROUP
LOAD /usr/local/gcc-arm-none-eabi-4_9-2015q1/bin/../lib/gcc/arm-none-eabi/4.9.3/armv7e-m/softfp/libgcc.a
LOAD /usr/local/gcc-arm-none-eabi-4_9-2015q1/bin/../lib/gcc/arm-none-eabi/4.9.3/../../../../arm-none-eabi/lib/armv7e-m/softfp/libc_nano.a
END GROUP
                0x20020000                __stack = (ORIGIN (RAM) + 0x20000)
                0x20020000                _estack = __stack
                0x00000400                __Main_Stack_Size = 0x400
                0x00000400                PROVIDE (_Main_Stack_Size, __Main_Stack_Size)
                0x2001fc00                __Main_Stack_Limit = (__stack - __Main_Stack_Size)
                0x2001fc00                PROVIDE (_Main_Stack_Limit, __Main_Stack_Limit)
                0x00000100                _Minimum_Stack_Size = 0x100
                0x2000445c                PROVIDE (_Heap_Begin, _end_noinit)
                0x2001fc00                PROVIDE (_Heap_Limit, (__stack - __Main_Stack_Size))

.isr_vector     0x08000000      0x3ec
 FILL mask 0xff
                0x08000000                __vectors_start__ = ABSOLUTE (.)
 *(.isr_vector)
 .isr_vector    0x08000000      0x188 ./system/src/cmsis/vectors_stm32f4xx.o
                0x08000000                __isr_vectors
 *(.cfmconfig)
 *(.after_vectors .after_vectors.*)
 .after_vectors
                0x08000188      0x130 ./system/src/newlib/_startup.o
                0x08000188                _start
 .after_vectors
                0x080002b8      0x130 ./system/src/cortexm/exception_handlers.o
                0x080002b8                Reset_Handler
                0x080002d8                HardFault_Handler_C
                0x08000350                BusFault_Handler_C
                0x08000398                UsageFault_Handler_C
 .after_vectors
                0x080003e8        0x4 ./system/src/cmsis/vectors_stm32f4xx.o
                0x080003e8                RTC_Alarm_IRQHandler
                0x080003e8                HASH_RNG_IRQHandler
                0x080003e8                EXTI2_IRQHandler
                0x080003e8                TIM8_CC_IRQHandler
                0x080003e8                TIM1_CC_IRQHandler
                0x080003e8                DMA2_Stream5_IRQHandler
                0x080003e8                DMA1_Stream5_IRQHandler
                0x080003e8                PVD_IRQHandler
                0x080003e8                SDIO_IRQHandler
                0x080003e8                TAMP_STAMP_IRQHandler
                0x080003e8                CAN2_RX1_IRQHandler
                0x080003e8                EXTI3_IRQHandler
                0x080003e8                TIM8_TRG_COM_TIM14_IRQHandler
                0x080003e8                TIM1_UP_TIM10_IRQHandler
                0x080003e8                TIM8_UP_TIM13_IRQHandler
                0x080003e8                I2C2_EV_IRQHandler
                0x080003e8                DMA1_Stream2_IRQHandler
                0x080003e8                CAN1_RX0_IRQHandler
                0x080003e8                FPU_IRQHandler
                0x080003e8                OTG_HS_WKUP_IRQHandler
                0x080003e8                CAN2_SCE_IRQHandler
                0x080003e8                DMA2_Stream2_IRQHandler
                0x080003e8                SPI1_IRQHandler
                0x080003e8                TIM6_DAC_IRQHandler
                0x080003e8                TIM1_BRK_TIM9_IRQHandler
                0x080003e8                DCMI_IRQHandler
                0x080003e8                CAN2_RX0_IRQHandler
                0x080003e8                DMA2_Stream3_IRQHandler
                0x080003e8                USART6_IRQHandler
                0x080003e8                USART3_IRQHandler
                0x080003e8                CAN1_RX1_IRQHandler
                0x080003e8                DMA2_Stream0_IRQHandler
                0x080003e8                TIM4_IRQHandler
                0x080003e8                I2C1_EV_IRQHandler
                0x080003e8                DMA1_Stream6_IRQHandler
                0x080003e8                DMA1_Stream1_IRQHandler
                0x080003e8                UART4_IRQHandler
                0x080003e8                TIM3_IRQHandler
                0x080003e8                RCC_IRQHandler
                0x080003e8                TIM8_BRK_TIM12_IRQHandler
                0x080003e8                Default_Handler
                0x080003e8                EXTI15_10_IRQHandler
                0x080003e8                DMA1_Stream7_IRQHandler
                0x080003e8                TIM7_IRQHandler
                0x080003e8                CAN2_TX_IRQHandler
                0x080003e8                TIM5_IRQHandler
                0x080003e8                DMA2_Stream7_IRQHandler
                0x080003e8                EXTI9_5_IRQHandler
                0x080003e8                RTC_WKUP_IRQHandler
                0x080003e8                ETH_WKUP_IRQHandler
                0x080003e8                SPI2_IRQHandler
                0x080003e8                OTG_HS_EP1_IN_IRQHandler
                0x080003e8                DMA1_Stream0_IRQHandler
                0x080003e8                CAN1_TX_IRQHandler
                0x080003e8                EXTI4_IRQHandler
                0x080003e8                FSMC_IRQHandler
                0x080003e8                ETH_IRQHandler
                0x080003e8                OTG_HS_EP1_OUT_IRQHandler
                0x080003e8                WWDG_IRQHandler
                0x080003e8                TIM2_IRQHandler
                0x080003e8                OTG_FS_WKUP_IRQHandler
                0x080003e8                TIM1_TRG_COM_TIM11_IRQHandler
                0x080003e8                OTG_HS_IRQHandler
                0x080003e8                EXTI1_IRQHandler
                0x080003e8                USART2_IRQHandler
                0x080003e8                I2C2_ER_IRQHandler
                0x080003e8                DMA2_Stream1_IRQHandler
                0x080003e8                CAN1_SCE_IRQHandler
                0x080003e8                FLASH_IRQHandler
                0x080003e8                DMA2_Stream4_IRQHandler
                0x080003e8                USART1_IRQHandler
                0x080003e8                SPI3_IRQHandler
                0x080003e8                DMA1_Stream4_IRQHandler
                0x080003e8                I2C1_ER_IRQHandler
                0x080003e8                DMA2_Stream6_IRQHandler
                0x080003e8                DMA1_Stream3_IRQHandler

.inits          0x080003ec       0x28
                0x080003ec                __data_regions_array_start = .
                0x080003ec        0x4 LONG 0x80122f8 LOADADDR (.data)
                0x080003f0        0x4 LONG 0x20000000 ADDR (.data)
                0x080003f4        0x4 LONG 0x20000094 (ADDR (.data) + SIZEOF (.data))
                0x080003f8        0x4 LONG 0x80122f8 LOADADDR (.data_CCMRAM)
                0x080003fc        0x4 LONG 0x10000000 ADDR (.data_CCMRAM)
                0x08000400        0x4 LONG 0x10000000 (ADDR (.data_CCMRAM) + SIZEOF (.data_CCMRAM))
                0x08000404                __data_regions_array_end = .
                0x08000404                __bss_regions_array_start = .
                0x08000404        0x4 LONG 0x20000098 ADDR (.bss)
                0x08000408        0x4 LONG 0x2000445c (ADDR (.bss) + SIZEOF (.bss))
                0x0800040c        0x4 LONG 0x10000000 ADDR (.bss_CCMRAM)
                0x08000410        0x4 LONG 0x10000000 (ADDR (.bss_CCMRAM) + SIZEOF (.bss_CCMRAM))
                0x08000414                __bss_regions_array_end = .
 *(.init)
 *(.fini)
                0x08000414                . = ALIGN (0x4)
                0x08000414                PROVIDE (__preinit_array_start, .)
 *(.preinit_array_sysinit .preinit_array_sysinit.*)
 *(.preinit_array_platform .preinit_array_platform.*)
 *(.preinit_array .preinit_array.*)
                0x08000414                PROVIDE (__preinit_array_end, .)
                0x08000414                . = ALIGN (0x4)
                0x08000414                PROVIDE (__init_array_start, .)
 *(SORT(.init_array.*))
 *(.init_array)
                0x08000414                PROVIDE (__init_array_end, .)
                0x08000414                . = ALIGN (0x4)
                0x08000414                PROVIDE (__fini_array_start, .)
 *(SORT(.fini_array.*))
 *(.fini_array)
                0x08000414                PROVIDE (__fini_array_end, .)

.flashtext
 *(.flashtext .flashtext.*)

.text           0x08000420    0x11ed5
 *(.text .text.*)
 .text.HAL_MspInit
                0x08000420        0x4 ./system/src/stm32f4-hal/stm32f4xx_hal.o
                0x08000420                HAL_MspInit
 .text.HAL_InitTick
                0x08000424       0x28 ./system/src/stm32f4-hal/stm32f4xx_hal.o
                0x08000424                HAL_InitTick
 .text.HAL_Init
                0x0800044c       0x34 ./system/src/stm32f4-hal/stm32f4xx_hal.o
                0x0800044c                HAL_Init
 .text.HAL_IncTick
                0x08000480       0x10 ./system/src/stm32f4-hal/stm32f4xx_hal.o
                0x08000480                HAL_IncTick
 .text.HAL_GetTick
                0x08000490        0xc ./system/src/stm32f4-hal/stm32f4xx_hal.o
                0x08000490                HAL_GetTick
 .text.HAL_ADC_Start_IT
                0x0800049c       0xdc ./system/src/stm32f4-hal/stm32f4xx_hal_adc.o
                0x0800049c                HAL_ADC_Start_IT
 .text.HAL_ADC_GetValue
                0x08000578        0x8 ./system/src/stm32f4-hal/stm32f4xx_hal_adc.o
                0x08000578                HAL_ADC_GetValue
 .text.HAL_ADC_LevelOutOfWindowCallback
                0x08000580        0x4 ./system/src/stm32f4-hal/stm32f4xx_hal_adc.o
                0x08000580                HAL_ADC_LevelOutOfWindowCallback
 .text.HAL_ADC_ErrorCallback
                0x08000584        0x4 ./system/src/stm32f4-hal/stm32f4xx_hal_adc.o
                0x08000584                HAL_ADC_ErrorCallback
 .text.HAL_ADC_IRQHandler
                0x08000588      0x160 ./system/src/stm32f4-hal/stm32f4xx_hal_adc.o
                0x08000588                HAL_ADC_IRQHandler
 .text.HAL_ADCEx_InjectedConvCpltCallback
                0x080006e8        0x4 ./system/src/stm32f4-hal/stm32f4xx_hal_adc_ex.o
                0x080006e8                HAL_ADCEx_InjectedConvCpltCallback
 .text.HAL_NVIC_SetPriorityGrouping
                0x080006ec       0x3c ./system/src/stm32f4-hal/stm32f4xx_hal_cortex.o
                0x080006ec                HAL_NVIC_SetPriorityGrouping
 .text.HAL_NVIC_SetPriority
                0x08000728       0x84 ./system/src/stm32f4-hal/stm32f4xx_hal_cortex.o
                0x08000728                HAL_NVIC_SetPriority
 .text.HAL_NVIC_EnableIRQ
                0x080007ac       0x28 ./system/src/stm32f4-hal/stm32f4xx_hal_cortex.o
                0x080007ac                HAL_NVIC_EnableIRQ
 .text.HAL_SYSTICK_Config
                0x080007d4       0x2c ./system/src/stm32f4-hal/stm32f4xx_hal_cortex.o
                0x080007d4                HAL_SYSTICK_Config
 .text.HAL_GPIO_Init
                0x08000800      0x31c ./system/src/stm32f4-hal/stm32f4xx_hal_gpio.o
                0x08000800                HAL_GPIO_Init
 .text.HAL_GPIO_WritePin
                0x08000b1c       0x34 ./system/src/stm32f4-hal/stm32f4xx_hal_gpio.o
                0x08000b1c                HAL_GPIO_WritePin
 .text.HAL_GPIO_TogglePin
                0x08000b50       0x20 ./system/src/stm32f4-hal/stm32f4xx_hal_gpio.o
                0x08000b50                HAL_GPIO_TogglePin
 .text.HAL_GPIO_EXTI_Callback
                0x08000b70        0x4 ./system/src/stm32f4-hal/stm32f4xx_hal_gpio.o
                0x08000b70                HAL_GPIO_EXTI_Callback
 .text.HAL_GPIO_EXTI_IRQHandler
                0x08000b74       0x18 ./system/src/stm32f4-hal/stm32f4xx_hal_gpio.o
                0x08000b74                HAL_GPIO_EXTI_IRQHandler
 .text.HCD_RXQLVL_IRQHandler
                0x08000b8c       0x84 ./system/src/stm32f4-hal/stm32f4xx_hal_hcd.o
 .text.HCD_Port_IRQHandler
                0x08000c10       0xd4 ./system/src/stm32f4-hal/stm32f4xx_hal_hcd.o
 .text.HCD_HC_IN_IRQHandler
                0x08000ce4      0x288 ./system/src/stm32f4-hal/stm32f4xx_hal_hcd.o
 .text.HCD_HC_OUT_IRQHandler
                0x08000f6c      0x2a0 ./system/src/stm32f4-hal/stm32f4xx_hal_hcd.o
 .text.HAL_HCD_IRQHandler
                0x0800120c      0x13c ./system/src/stm32f4-hal/stm32f4xx_hal_hcd.o
                0x0800120c                HAL_HCD_IRQHandler
 .text.HAL_HCD_Start
                0x08001348       0x2c ./system/src/stm32f4-hal/stm32f4xx_hal_hcd.o
                0x08001348                HAL_HCD_Start
 .text.HAL_HCD_Stop
                0x08001374       0x24 ./system/src/stm32f4-hal/stm32f4xx_hal_hcd.o
                0x08001374                HAL_HCD_Stop
 .text.I2C_MasterTransmit_TXE
                0x08001398       0x28 ./system/src/stm32f4-hal/stm32f4xx_hal_i2c.o
 .text.I2C_SlaveTransmit_TXE
                0x080013c0       0x20 ./system/src/stm32f4-hal/stm32f4xx_hal_i2c.o
 .text.I2C_SlaveTransmit_BTF
                0x080013e0       0x20 ./system/src/stm32f4-hal/stm32f4xx_hal_i2c.o
 .text.I2C_SlaveReceive_RXNE
                0x08001400       0x20 ./system/src/stm32f4-hal/stm32f4xx_hal_i2c.o
 .text.I2C_SlaveReceive_BTF
                0x08001420       0x20 ./system/src/stm32f4-hal/stm32f4xx_hal_i2c.o
 .text.I2C_Slave_ADDR
                0x08001440       0x14 ./system/src/stm32f4-hal/stm32f4xx_hal_i2c.o
 .text.I2C_WaitOnFlagUntilTimeout
                0x08001454       0xcc ./system/src/stm32f4-hal/stm32f4xx_hal_i2c.o
 .text.HAL_I2C_Slave_Receive_IT
                0x08001520       0x6c ./system/src/stm32f4-hal/stm32f4xx_hal_i2c.o
                0x08001520                HAL_I2C_Slave_Receive_IT
 .text.HAL_I2C_MasterTxCpltCallback
                0x0800158c        0x4 ./system/src/stm32f4-hal/stm32f4xx_hal_i2c.o
                0x0800158c                HAL_I2C_MasterTxCpltCallback
 .text.HAL_I2C_MasterRxCpltCallback
                0x08001590        0x4 ./system/src/stm32f4-hal/stm32f4xx_hal_i2c.o
                0x08001590                HAL_I2C_MasterRxCpltCallback
 .text.HAL_I2C_SlaveTxCpltCallback
                0x08001594        0x4 ./system/src/stm32f4-hal/stm32f4xx_hal_i2c.o
                0x08001594                HAL_I2C_SlaveTxCpltCallback
 .text.I2C_Slave_AF
                0x08001598       0x48 ./system/src/stm32f4-hal/stm32f4xx_hal_i2c.o
 .text.I2C_Slave_STOPF
                0x080015e0       0x54 ./system/src/stm32f4-hal/stm32f4xx_hal_i2c.o
 .text.HAL_I2C_MemTxCpltCallback
                0x08001634        0x4 ./system/src/stm32f4-hal/stm32f4xx_hal_i2c.o
                0x08001634                HAL_I2C_MemTxCpltCallback
 .text.I2C_MasterTransmit_BTF
                0x08001638       0x74 ./system/src/stm32f4-hal/stm32f4xx_hal_i2c.o
 .text.HAL_I2C_MemRxCpltCallback
                0x080016ac        0x4 ./system/src/stm32f4-hal/stm32f4xx_hal_i2c.o
                0x080016ac                HAL_I2C_MemRxCpltCallback
 .text.I2C_MasterReceive_RXNE
                0x080016b0       0xa0 ./system/src/stm32f4-hal/stm32f4xx_hal_i2c.o
 .text.I2C_MasterReceive_BTF
                0x08001750       0xd4 ./system/src/stm32f4-hal/stm32f4xx_hal_i2c.o
 .text.HAL_I2C_EV_IRQHandler
                0x08001824      0x104 ./system/src/stm32f4-hal/stm32f4xx_hal_i2c.o
                0x08001824                HAL_I2C_EV_IRQHandler
 .text.HAL_I2C_ER_IRQHandler
                0x08001928       0xc0 ./system/src/stm32f4-hal/stm32f4xx_hal_i2c.o
                0x08001928                HAL_I2C_ER_IRQHandler
 .text.HAL_RCC_OscConfig
                0x080019e8      0x4b4 ./system/src/stm32f4-hal/stm32f4xx_hal_rcc.o
                0x080019e8                HAL_RCC_OscConfig
 .text.HAL_RCC_ClockConfig
                0x08001e9c      0x32c ./system/src/stm32f4-hal/stm32f4xx_hal_rcc.o
                0x08001e9c                HAL_RCC_ClockConfig
 .text.HAL_RCC_GetSysClockFreq
                0x080021c8       0x98 ./system/src/stm32f4-hal/stm32f4xx_hal_rcc.o
                0x080021c8                HAL_RCC_GetSysClockFreq
 .text.HAL_RCC_GetHCLKFreq
                0x08002260       0x38 ./system/src/stm32f4-hal/stm32f4xx_hal_rcc.o
                0x08002260                HAL_RCC_GetHCLKFreq
 .text.HAL_RCC_GetPCLK1Freq
                0x08002298       0x30 ./system/src/stm32f4-hal/stm32f4xx_hal_rcc.o
                0x08002298                HAL_RCC_GetPCLK1Freq
 .text.HAL_RCC_GetPCLK2Freq
                0x080022c8       0x30 ./system/src/stm32f4-hal/stm32f4xx_hal_rcc.o
                0x080022c8                HAL_RCC_GetPCLK2Freq
 .text.UART_Transmit_IT
                0x080022f8       0x6c ./system/src/stm32f4-hal/stm32f4xx_hal_uart.o
 .text.UART_SetConfig
                0x08002364      0x26c ./system/src/stm32f4-hal/stm32f4xx_hal_uart.o
 .text.HAL_UART_Init
                0x080025d0      0x114 ./system/src/stm32f4-hal/stm32f4xx_hal_uart.o
                0x080025d0                HAL_UART_Init
 .text.HAL_UART_Transmit_IT
                0x080026e4       0x80 ./system/src/stm32f4-hal/stm32f4xx_hal_uart.o
                0x080026e4                HAL_UART_Transmit_IT
 .text.HAL_UART_Receive_IT
                0x08002764       0x80 ./system/src/stm32f4-hal/stm32f4xx_hal_uart.o
                0x08002764                HAL_UART_Receive_IT
 .text.UART_EndTransmit_IT
                0x080027e4       0x40 ./system/src/stm32f4-hal/stm32f4xx_hal_uart.o
 .text.UART_Receive_IT
                0x08002824       0xb4 ./system/src/stm32f4-hal/stm32f4xx_hal_uart.o
 .text.HAL_UART_IRQHandler
                0x080028d8       0xec ./system/src/stm32f4-hal/stm32f4xx_hal_uart.o
                0x080028d8                HAL_UART_IRQHandler
 .text.USB_EnableGlobalInt
                0x080029c4        0xc ./system/src/stm32f4-hal/stm32f4xx_ll_usb.o
                0x080029c4                USB_EnableGlobalInt
 .text.USB_DisableGlobalInt
                0x080029d0        0xc ./system/src/stm32f4-hal/stm32f4xx_ll_usb.o
                0x080029d0                USB_DisableGlobalInt
 .text.USB_FlushTxFifo
                0x080029dc       0x24 ./system/src/stm32f4-hal/stm32f4xx_ll_usb.o
                0x080029dc                USB_FlushTxFifo
 .text.USB_FlushRxFifo
                0x08002a00       0x20 ./system/src/stm32f4-hal/stm32f4xx_ll_usb.o
                0x08002a00                USB_FlushRxFifo
 .text.USB_ReadPacket
                0x08002a20       0x2c ./system/src/stm32f4-hal/stm32f4xx_ll_usb.o
                0x08002a20                USB_ReadPacket
 .text.USB_ReadInterrupts
                0x08002a4c        0x8 ./system/src/stm32f4-hal/stm32f4xx_ll_usb.o
                0x08002a4c                USB_ReadInterrupts
 .text.USB_GetMode
                0x08002a54        0x8 ./system/src/stm32f4-hal/stm32f4xx_ll_usb.o
                0x08002a54                USB_GetMode
 .text.USB_InitFSLSPClkSel
                0x08002a5c       0x40 ./system/src/stm32f4-hal/stm32f4xx_ll_usb.o
                0x08002a5c                USB_InitFSLSPClkSel
 .text.USB_DriveVbus
                0x08002a9c       0x44 ./system/src/stm32f4-hal/stm32f4xx_ll_usb.o
                0x08002a9c                USB_DriveVbus
 .text.USB_HC_ReadInterrupt
                0x08002ae0       0x20 ./system/src/stm32f4-hal/stm32f4xx_ll_usb.o
                0x08002ae0                USB_HC_ReadInterrupt
 .text.USB_HC_Halt
                0x08002b00      0x200 ./system/src/stm32f4-hal/stm32f4xx_ll_usb.o
                0x08002b00                USB_HC_Halt
 .text.USB_StopHost
                0x08002d00      0x100 ./system/src/stm32f4-hal/stm32f4xx_ll_usb.o
                0x08002d00                USB_StopHost
 .text._exit    0x08002e00        0x4 ./system/src/newlib/_exit.o
                0x08002e00                _exit
 .text.abort    0x08002e04       0x14 ./system/src/newlib/_exit.o
                0x08002e04                abort
 .text._sbrk    0x08002e18       0x44 ./system/src/newlib/_sbrk.o
                0x08002e18                _sbrk
 .text.__initialize_args
                0x08002e5c       0x10 ./system/src/newlib/_syscalls.o
                0x08002e5c                __initialize_args
 .text.assert_failed
                0x08002e6c       0x18 ./system/src/newlib/assert.o
                0x08002e6c                assert_failed
 .text.trace_printf
                0x08002e84       0x34 ./system/src/diag/Trace.o
                0x08002e84                trace_printf
 .text.trace_puts
                0x08002eb8       0x20 ./system/src/diag/Trace.o
                0x08002eb8                trace_puts
 .text._trace_write_semihosting_debug
                0x08002ed8       0x64 ./system/src/diag/trace_impl.o
 .text.trace_write
                0x08002f3c        0x8 ./system/src/diag/trace_impl.o
                0x08002f3c                trace_write
 .text.__initialize_hardware_early
                0x08002f44       0x1c ./system/src/cortexm/_initialize_hardware.o
                0x08002f44                __initialize_hardware_early
 .text.dumpExceptionStack
                0x08002f60       0xf0 ./system/src/cortexm/exception_handlers.o
                0x08002f60                dumpExceptionStack
 .text.isSemihosting
                0x08003050       0x20 ./system/src/cortexm/exception_handlers.o
                0x08003050                isSemihosting
 .text.SystemInit
                0x08003070       0x4c ./system/src/cmsis/system_stm32f4xx.o
                0x08003070                SystemInit
 .text.HAL_HCD_SOF_Callback
                0x080030bc        0xc ./src/usb/Core/Src/usbh_conf.o
                0x080030bc                HAL_HCD_SOF_Callback
 .text.HAL_HCD_Connect_Callback
                0x080030c8        0xc ./src/usb/Core/Src/usbh_conf.o
                0x080030c8                HAL_HCD_Connect_Callback
 .text.HAL_HCD_Disconnect_Callback
                0x080030d4        0xc ./src/usb/Core/Src/usbh_conf.o
                0x080030d4                HAL_HCD_Disconnect_Callback
 .text.HAL_HCD_HC_NotifyURBChange_Callback
                0x080030e0        0x4 ./src/usb/Core/Src/usbh_conf.o
                0x080030e0                HAL_HCD_HC_NotifyURBChange_Callback
 .text.USBH_LL_Start
                0x080030e4       0x10 ./src/usb/Core/Src/usbh_conf.o
                0x080030e4                USBH_LL_Start
 .text.USBH_LL_Stop
                0x080030f4       0x10 ./src/usb/Core/Src/usbh_conf.o
                0x080030f4                USBH_LL_Stop
 .text.USBH_HandleSof
                0x08003104       0x18 ./src/usb/Core/Src/usbh_core.o
 .text.USBH_LL_IncTimer
                0x0800311c       0x14 ./src/usb/Core/Src/usbh_core.o
                0x0800311c                USBH_LL_IncTimer
 .text.USBH_LL_Connect
                0x08003130       0x3c ./src/usb/Core/Src/usbh_core.o
                0x08003130                USBH_LL_Connect
 .text.USBH_LL_Disconnect
                0x0800316c       0x44 ./src/usb/Core/Src/usbh_core.o
                0x0800316c                USBH_LL_Disconnect
 .text.USBH_FreePipe
                0x080031b0       0x18 ./src/usb/Core/Src/usbh_pipes.o
                0x080031b0                USBH_FreePipe
 .text.wc_AesEncrypt
                0x080031c8      0x43c ./src/Security/wolf/src/aes.o
 .text.wc_AesDecrypt
                0x08003604      0x43c ./src/Security/wolf/src/aes.o
 .text.wc_AesSetIV
                0x08003a40       0x28 ./src/Security/wolf/src/aes.o
                0x08003a40                wc_AesSetIV
 .text.wc_AesSetKeyLocal
                0x08003a68      0x3ec ./src/Security/wolf/src/aes.o
 .text.wc_AesSetKey
                0x08003e54       0x24 ./src/Security/wolf/src/aes.o
                0x08003e54                wc_AesSetKey
 .text.wc_AesCbcEncrypt
                0x08003e78       0x70 ./src/Security/wolf/src/aes.o
                0x08003e78                wc_AesCbcEncrypt
 .text.wc_AesCbcDecrypt
                0x08003ee8       0x7c ./src/Security/wolf/src/aes.o
                0x08003ee8                wc_AesCbcDecrypt
 .text.wc_Arc4SetKey
                0x08003f64       0x4c ./src/Security/wolf/src/arc4.o
                0x08003f64                wc_Arc4SetKey
 .text.wc_Arc4Process
                0x08003fb0       0x40 ./src/Security/wolf/src/arc4.o
                0x08003fb0                wc_Arc4Process
 .text.DesRawProcessBlock
                0x08003ff0      0x134 ./src/Security/wolf/src/des3.o
 .text.DesSetKey
                0x08004124      0x148 ./src/Security/wolf/src/des3.o
 .text.Des3ProcessBlock
                0x0800426c      0x158 ./src/Security/wolf/src/des3.o
 .text.wc_Des3_CbcEncrypt
                0x080043c4       0x70 ./src/Security/wolf/src/des3.o
                0x080043c4                wc_Des3_CbcEncrypt
 .text.wc_Des3_CbcDecrypt
                0x08004434       0x7c ./src/Security/wolf/src/des3.o
                0x08004434                wc_Des3_CbcDecrypt
 .text.wc_Des3_SetIV
                0x080044b0       0x28 ./src/Security/wolf/src/des3.o
                0x080044b0                wc_Des3_SetIV
 .text.wc_Des3_SetKey
                0x080044d8       0x58 ./src/Security/wolf/src/des3.o
                0x080044d8                wc_Des3_SetKey
 .text.HmacKeyInnerHash
                0x08004530       0x70 ./src/Security/wolf/src/hmac.o
 .text.InitHmac
                0x080045a0       0x58 ./src/Security/wolf/src/hmac.o
 .text.wc_HmacSetKey
                0x080045f8      0x164 ./src/Security/wolf/src/hmac.o
                0x080045f8                wc_HmacSetKey
 .text.wc_HmacUpdate
                0x0800475c       0x78 ./src/Security/wolf/src/hmac.o
                0x0800475c                wc_HmacUpdate
 .text.wc_HmacFinal
                0x080047d4      0x144 ./src/Security/wolf/src/hmac.o
                0x080047d4                wc_HmacFinal
 .text.Transform
                0x08004918      0x6d8 ./src/Security/wolf/src/md5.o
 .text.wc_InitMd5
                0x08004ff0       0x2c ./src/Security/wolf/src/md5.o
                0x08004ff0                wc_InitMd5
 .text.wc_Md5Update
                0x0800501c       0x58 ./src/Security/wolf/src/md5.o
                0x0800501c                wc_Md5Update
 .text.wc_Md5Final
                0x08005074       0x98 ./src/Security/wolf/src/md5.o
                0x08005074                wc_Md5Final
 .text.Transform
                0x0800510c      0xfa4 ./src/Security/wolf/src/sha.o
 .text.wc_InitSha
                0x080060b0       0x38 ./src/Security/wolf/src/sha.o
                0x080060b0                wc_InitSha
 .text.wc_ShaUpdate
                0x080060e8       0x84 ./src/Security/wolf/src/sha.o
                0x080060e8                wc_ShaUpdate
 .text.wc_ShaFinal
                0x0800616c      0x104 ./src/Security/wolf/src/sha.o
                0x0800616c                wc_ShaFinal
 .text.Transform
                0x08006270      0x354 ./src/Security/wolf/src/sha256.o
 .text.wc_InitSha256
                0x080065c4       0x54 ./src/Security/wolf/src/sha256.o
                0x080065c4                wc_InitSha256
 .text.wc_Sha256Update
                0x08006618       0x88 ./src/Security/wolf/src/sha256.o
                0x08006618                wc_Sha256Update
 .text.wc_Sha256Final
                0x080066a0      0x10c ./src/Security/wolf/src/sha256.o
                0x080066a0                wc_Sha256Final
 .text._Transform
                0x080067ac     0x2570 ./src/Security/wolf/src/sha512.o
 .text._Transform384
                0x08008d1c     0x2460 ./src/Security/wolf/src/sha512.o
 *fill*         0x0800b17c        0x4 
 .text.wc_InitSha512
                0x0800b180       0xa0 ./src/Security/wolf/src/sha512.o
                0x0800b180                wc_InitSha512
 .text.wc_Sha512Update
                0x0800b220       0xbc ./src/Security/wolf/src/sha512.o
                0x0800b220                wc_Sha512Update
 .text.wc_Sha512Final
                0x0800b2dc      0x194 ./src/Security/wolf/src/sha512.o
                0x0800b2dc                wc_Sha512Final
 .text.wc_InitSha384
                0x0800b470       0xa0 ./src/Security/wolf/src/sha512.o
                0x0800b470                wc_InitSha384
 .text.wc_Sha384Update
                0x0800b510       0xbc ./src/Security/wolf/src/sha512.o
                0x0800b510                wc_Sha384Update
 .text.wc_Sha384Final
                0x0800b5cc      0x194 ./src/Security/wolf/src/sha512.o
                0x0800b5cc                wc_Sha384Final
 .text.receive  0x0800b760        0x8 ./src/Security/src/join.o
                0x0800b760                receive
 .text.send     0x0800b768        0x8 ./src/Security/src/join.o
                0x0800b768                send
 .text.initialize
                0x0800b770       0x34 ./src/Security/src/join.o
                0x0800b770                initialize
 .text.joinRequest
                0x0800b7a4       0x44 ./src/Security/src/join.o
                0x0800b7a4                joinRequest
 .text.onJoinResponse
                0x0800b7e8       0xac ./src/Security/src/join.o
                0x0800b7e8                onJoinResponse
 .text.onSecretChangeStart
                0x0800b894       0x80 ./src/Security/src/join.o
                0x0800b894                onSecretChangeStart
 .text.onSecretChangeOk
                0x0800b914       0x58 ./src/Security/src/join.o
                0x0800b914                onSecretChangeOk
 .text.onDataPacketReceived
                0x0800b96c       0x44 ./src/Security/src/join.o
                0x0800b96c                onDataPacketReceived
 .text.netLevelCallback
                0x0800b9b0       0x8c ./src/Security/src/join.o
                0x0800b9b0                netLevelCallback
 .text.sendDataPacket
                0x0800ba3c       0x4c ./src/Security/src/join.o
                0x0800ba3c                sendDataPacket
 .text.initUART
                0x0800ba88       0x2c ./src/Security/src/libUART.o
                0x0800ba88                initUART
 .text.setup    0x0800bab4       0x14 ./src/Security/src/libUART.o
                0x0800bab4                setup
 .text.UART5_IRQHandler
                0x0800bac8       0x28 ./src/Security/src/libUART.o
                0x0800bac8                UART5_IRQHandler
 .text.HAL_UART_TxCpltCallback
                0x0800baf0        0xc ./src/Security/src/libUART.o
                0x0800baf0                HAL_UART_TxCpltCallback
 .text.HAL_UART_ErrorCallback
                0x0800bafc        0xc ./src/Security/src/libUART.o
                0x0800bafc                HAL_UART_ErrorCallback
 .text.getFrame
                0x0800bb08       0x2c ./src/Security/src/libUART.o
                0x0800bb08                getFrame
 .text.HAL_UART_RxCpltCallback
                0x0800bb34       0x28 ./src/Security/src/libUART.o
                0x0800bb34                HAL_UART_RxCpltCallback
 .text.usart_send
                0x0800bb5c       0x18 ./src/Security/src/libUART.o
                0x0800bb5c                usart_send
 .text.usart_receive
                0x0800bb74       0x1c ./src/Security/src/libUART.o
                0x0800bb74                usart_receive
 .text.SEC_Encrypt
                0x0800bb90      0x2a8 ./src/Security/src/security.o
                0x0800bb90                SEC_Encrypt
 .text.SEC_Decrypt
                0x0800be38      0x1b8 ./src/Security/src/security.o
                0x0800be38                SEC_Decrypt
 .text.SEC_HMAC
                0x0800bff0       0x88 ./src/Security/src/security.o
                0x0800bff0                SEC_HMAC
 .text.SEC_HMAC_verify
                0x0800c078       0xb8 ./src/Security/src/security.o
                0x0800c078                SEC_HMAC_verify
 .text.cleanVector
                0x0800c130       0x10 ./src/Security/src/utils.o
                0x0800c130                cleanVector
 .text.isValidID
                0x0800c140       0x2c ./src/GSI/gsi.o
                0x0800c140                isValidID
 .text.readData
                0x0800c16c       0x74 ./src/GSI/gsi.o
                0x0800c16c                readData
 .text.HAL_I2C_ErrorCallback
                0x0800c1e0        0x4 ./src/GSI/gsi.o
                0x0800c1e0                HAL_I2C_ErrorCallback
 .text.errorHandler
                0x0800c1e4        0x4 ./src/GSI/gsi.o
                0x0800c1e4                errorHandler
 .text.HAL_I2C_SlaveRxCpltCallback
                0x0800c1e8       0x6c ./src/GSI/gsi.o
                0x0800c1e8                HAL_I2C_SlaveRxCpltCallback
 .text.HAL_ADC_ConvCpltCallback
                0x0800c254       0x64 ./src/GSI/gsi.o
                0x0800c254                HAL_ADC_ConvCpltCallback
 .text.I2C3_ER_IRQHandler
                0x0800c2b8       0x10 ./src/GSI/gsi_it.o
                0x0800c2b8                I2C3_ER_IRQHandler
 .text.I2C3_EV_IRQHandler
                0x0800c2c8       0x10 ./src/GSI/gsi_it.o
                0x0800c2c8                I2C3_EV_IRQHandler
 .text.ADC_IRQHandler
                0x0800c2d8       0x10 ./src/GSI/gsi_it.o
                0x0800c2d8                ADC_IRQHandler
 .text.prvHeapInit
                0x0800c2e8       0x64 ./src/FreeRTOS/Source/portable/MemMang/heap_4.o
 .text.prvInsertBlockIntoFreeList
                0x0800c34c       0x58 ./src/FreeRTOS/Source/portable/MemMang/heap_4.o
 .text.pvPortMalloc
                0x0800c3a4       0xd4 ./src/FreeRTOS/Source/portable/MemMang/heap_4.o
                0x0800c3a4                pvPortMalloc
 .text.vPortFree
                0x0800c478       0x5c ./src/FreeRTOS/Source/portable/MemMang/heap_4.o
                0x0800c478                vPortFree
 .text.prvPortStartFirstTask
                0x0800c4d4       0x20 ./src/FreeRTOS/Source/portable/GCC/ARM_CM4F/port.o
 .text.vPortEnableVFP
                0x0800c4f4       0x14 ./src/FreeRTOS/Source/portable/GCC/ARM_CM4F/port.o
 .text.pxPortInitialiseStack
                0x0800c508       0x28 ./src/FreeRTOS/Source/portable/GCC/ARM_CM4F/port.o
                0x0800c508                pxPortInitialiseStack
 .text.SVC_Handler
                0x0800c530       0x20 ./src/FreeRTOS/Source/portable/GCC/ARM_CM4F/port.o
                0x0800c530                SVC_Handler
 .text.vPortYield
                0x0800c550       0x18 ./src/FreeRTOS/Source/portable/GCC/ARM_CM4F/port.o
                0x0800c550                vPortYield
 .text.ulPortSetInterruptMask
                0x0800c568       0x10 ./src/FreeRTOS/Source/portable/GCC/ARM_CM4F/port.o
                0x0800c568                ulPortSetInterruptMask
 .text.prvTaskExitError
                0x0800c578       0x1c ./src/FreeRTOS/Source/portable/GCC/ARM_CM4F/port.o
 .text.vPortEnterCritical
                0x0800c594       0x34 ./src/FreeRTOS/Source/portable/GCC/ARM_CM4F/port.o
                0x0800c594                vPortEnterCritical
 .text.vPortClearInterruptMask
                0x0800c5c8        0x8 ./src/FreeRTOS/Source/portable/GCC/ARM_CM4F/port.o
                0x0800c5c8                vPortClearInterruptMask
 .text.vPortExitCritical
                0x0800c5d0       0x24 ./src/FreeRTOS/Source/portable/GCC/ARM_CM4F/port.o
                0x0800c5d0                vPortExitCritical
 .text.PendSV_Handler
                0x0800c5f4       0x58 ./src/FreeRTOS/Source/portable/GCC/ARM_CM4F/port.o
                0x0800c5f4                PendSV_Handler
 .text.xPortSysTickHandler
                0x0800c64c       0x20 ./src/FreeRTOS/Source/portable/GCC/ARM_CM4F/port.o
                0x0800c64c                xPortSysTickHandler
 .text.vPortSetupTimerInterrupt
                0x0800c66c       0x2c ./src/FreeRTOS/Source/portable/GCC/ARM_CM4F/port.o
                0x0800c66c                vPortSetupTimerInterrupt
 .text.xPortStartScheduler
                0x0800c698       0xa8 ./src/FreeRTOS/Source/portable/GCC/ARM_CM4F/port.o
                0x0800c698                xPortStartScheduler
 .text.vPortValidateInterruptPriority
                0x0800c740       0x48 ./src/FreeRTOS/Source/portable/GCC/ARM_CM4F/port.o
                0x0800c740                vPortValidateInterruptPriority
 .text.inHandlerMode
                0x0800c788        0xc ./src/FreeRTOS/Source/CMSIS_RTOS/cmsis_os.o
 .text.osMessagePut
                0x0800c794       0x60 ./src/FreeRTOS/Source/CMSIS_RTOS/cmsis_os.o
                0x0800c794                osMessagePut
 .text.vListInitialise
                0x0800c7f4       0x18 ./src/FreeRTOS/Source/list.o
                0x0800c7f4                vListInitialise
 .text.vListInitialiseItem
                0x0800c80c        0x8 ./src/FreeRTOS/Source/list.o
                0x0800c80c                vListInitialiseItem
 .text.vListInsertEnd
                0x0800c814       0x18 ./src/FreeRTOS/Source/list.o
                0x0800c814                vListInsertEnd
 .text.vListInsert
                0x0800c82c       0x34 ./src/FreeRTOS/Source/list.o
                0x0800c82c                vListInsert
 .text.uxListRemove
                0x0800c860       0x24 ./src/FreeRTOS/Source/list.o
                0x0800c860                uxListRemove
 .text.prvIsQueueFull
                0x0800c884       0x20 ./src/FreeRTOS/Source/queue.o
 .text.prvIsQueueEmpty
                0x0800c8a4       0x1c ./src/FreeRTOS/Source/queue.o
 .text.prvCopyDataToQueue
                0x0800c8c0       0x7c ./src/FreeRTOS/Source/queue.o
 .text.prvCopyDataFromQueue
                0x0800c93c       0x24 ./src/FreeRTOS/Source/queue.o
 .text.prvUnlockQueue
                0x0800c960       0x64 ./src/FreeRTOS/Source/queue.o
 .text.xQueueGenericReset
                0x0800c9c4       0x5c ./src/FreeRTOS/Source/queue.o
                0x0800c9c4                xQueueGenericReset
 .text.xQueueGenericCreate
                0x0800ca20       0x4c ./src/FreeRTOS/Source/queue.o
                0x0800ca20                xQueueGenericCreate
 .text.xQueueGenericSend
                0x0800ca6c      0x11c ./src/FreeRTOS/Source/queue.o
                0x0800ca6c                xQueueGenericSend
 .text.xQueueGenericSendFromISR
                0x0800cb88       0xb0 ./src/FreeRTOS/Source/queue.o
                0x0800cb88                xQueueGenericSendFromISR
 .text.xQueueGenericReceive
                0x0800cc38      0x130 ./src/FreeRTOS/Source/queue.o
                0x0800cc38                xQueueGenericReceive
 .text.vQueueAddToRegistry
                0x0800cd68       0x28 ./src/FreeRTOS/Source/queue.o
                0x0800cd68                vQueueAddToRegistry
 .text.vQueueWaitForMessageRestricted
                0x0800cd90       0x3c ./src/FreeRTOS/Source/queue.o
                0x0800cd90                vQueueWaitForMessageRestricted
 .text.prvResetNextTaskUnblockTime
                0x0800cdcc       0x34 ./src/FreeRTOS/Source/tasks.o
 .text.prvDeleteTCB
                0x0800ce00       0x14 ./src/FreeRTOS/Source/tasks.o
 .text.prvAllocateTCBAndStack
                0x0800ce14       0x38 ./src/FreeRTOS/Source/tasks.o
 .text.prvInitialiseTCBVariables
                0x0800ce4c       0x4c ./src/FreeRTOS/Source/tasks.o
 .text.prvInitialiseTaskLists
                0x0800ce98       0x64 ./src/FreeRTOS/Source/tasks.o
 .text.prvAddCurrentTaskToDelayedList
                0x0800cefc       0x54 ./src/FreeRTOS/Source/tasks.o
 .text.xTaskGenericCreate
                0x0800cf50      0x100 ./src/FreeRTOS/Source/tasks.o
                0x0800cf50                xTaskGenericCreate
 .text.vTaskStartScheduler
                0x0800d050       0x58 ./src/FreeRTOS/Source/tasks.o
                0x0800d050                vTaskStartScheduler
 .text.vTaskSuspendAll
                0x0800d0a8       0x10 ./src/FreeRTOS/Source/tasks.o
                0x0800d0a8                vTaskSuspendAll
 .text.xTaskGetTickCount
                0x0800d0b8       0x18 ./src/FreeRTOS/Source/tasks.o
                0x0800d0b8                xTaskGetTickCount
 .text.xTaskIncrementTick
                0x0800d0d0       0xdc ./src/FreeRTOS/Source/tasks.o
                0x0800d0d0                xTaskIncrementTick
 .text.xTaskResumeAll
                0x0800d1ac       0xc8 ./src/FreeRTOS/Source/tasks.o
                0x0800d1ac                xTaskResumeAll
 .text.vTaskDelay
                0x0800d274       0x64 ./src/FreeRTOS/Source/tasks.o
                0x0800d274                vTaskDelay
 .text.prvCheckTasksWaitingTermination
                0x0800d2d8       0x54 ./src/FreeRTOS/Source/tasks.o
 .text.prvIdleTask
                0x0800d32c        0xc ./src/FreeRTOS/Source/tasks.o
 .text.vTaskSwitchContext
                0x0800d338       0x88 ./src/FreeRTOS/Source/tasks.o
                0x0800d338                vTaskSwitchContext
 .text.vTaskPlaceOnEventList
                0x0800d3c0       0x64 ./src/FreeRTOS/Source/tasks.o
                0x0800d3c0                vTaskPlaceOnEventList
 .text.vTaskPlaceOnEventListRestricted
                0x0800d424       0x4c ./src/FreeRTOS/Source/tasks.o
                0x0800d424                vTaskPlaceOnEventListRestricted
 .text.xTaskRemoveFromEventList
                0x0800d470       0x80 ./src/FreeRTOS/Source/tasks.o
                0x0800d470                xTaskRemoveFromEventList
 .text.vTaskSetTimeOutState
                0x0800d4f0       0x20 ./src/FreeRTOS/Source/tasks.o
                0x0800d4f0                vTaskSetTimeOutState
 .text.xTaskCheckForTimeOut
                0x0800d510       0x68 ./src/FreeRTOS/Source/tasks.o
                0x0800d510                xTaskCheckForTimeOut
 .text.vTaskMissedYield
                0x0800d578        0xc ./src/FreeRTOS/Source/tasks.o
                0x0800d578                vTaskMissedYield
 .text.xTaskGetSchedulerState
                0x0800d584       0x20 ./src/FreeRTOS/Source/tasks.o
                0x0800d584                xTaskGetSchedulerState
 .text.vTaskPriorityInherit
                0x0800d5a4       0xa8 ./src/FreeRTOS/Source/tasks.o
                0x0800d5a4                vTaskPriorityInherit
 .text.xTaskPriorityDisinherit
                0x0800d64c       0x88 ./src/FreeRTOS/Source/tasks.o
                0x0800d64c                xTaskPriorityDisinherit
 .text.pvTaskIncrementMutexHeldCount
                0x0800d6d4       0x1c ./src/FreeRTOS/Source/tasks.o
                0x0800d6d4                pvTaskIncrementMutexHeldCount
 .text.prvGetNextExpireTime
                0x0800d6f0       0x20 ./src/FreeRTOS/Source/timers.o
 .text.prvInsertTimerInActiveList
                0x0800d710       0x48 ./src/FreeRTOS/Source/timers.o
 .text.prvCheckForValidListAndQueue
                0x0800d758       0x60 ./src/FreeRTOS/Source/timers.o
 .text.xTimerCreateTimerTask
                0x0800d7b8       0x44 ./src/FreeRTOS/Source/timers.o
                0x0800d7b8                xTimerCreateTimerTask
 .text.xTimerCreate
                0x0800d7fc       0x44 ./src/FreeRTOS/Source/timers.o
                0x0800d7fc                xTimerCreate
 .text.xTimerGenericCommand
                0x0800d840       0x54 ./src/FreeRTOS/Source/timers.o
                0x0800d840                xTimerGenericCommand
 .text.prvSwitchTimerLists
                0x0800d894       0x70 ./src/FreeRTOS/Source/timers.o
 .text.prvSampleTimeNow
                0x0800d904       0x2c ./src/FreeRTOS/Source/timers.o
 .text.prvProcessExpiredTimer
                0x0800d930       0x54 ./src/FreeRTOS/Source/timers.o
 .text.prvProcessTimerOrBlockTask
                0x0800d984       0x50 ./src/FreeRTOS/Source/timers.o
 .text.prvProcessReceivedCommands
                0x0800d9d4       0xa8 ./src/FreeRTOS/Source/timers.o
 .text.prvTimerTask
                0x0800da7c       0x18 ./src/FreeRTOS/Source/timers.o
 .text.pvTimerGetTimerID
                0x0800da94        0x4 ./src/FreeRTOS/Source/timers.o
                0x0800da94                pvTimerGetTimerID
 .text.configure_system_clock
                0x0800da98       0x68 ./src/_initialize_hardware.o
                0x0800da98                configure_system_clock
 .text.__initialize_hardware
                0x0800db00       0x24 ./src/_initialize_hardware.o
                0x0800db00                __initialize_hardware
 .text.SN_TxNet
                0x0800db24       0x28 ./src/main.o
 .text.main     0x0800db4c       0x7c ./src/main.o
                0x0800db4c                main
 .text.SN_mk_data_pack
                0x0800dbc8       0x18 ./src/main.o
                0x0800dbc8                SN_mk_data_pack
 .text.errorHandlermain
                0x0800dbe0        0x4 ./src/main.o
                0x0800dbe0                errorHandlermain
 .text.SN_ManageRequest
                0x0800dbe4      0x130 ./src/main.o
 .text.SN_periodic_read
                0x0800dd14       0x5c ./src/main.o
 .text.BSP_LED_On
                0x0800dd70       0x20 ./src/stm32f4_discovery.o
                0x0800dd70                BSP_LED_On
 .text.BSP_LED_Toggle
                0x0800dd90       0x20 ./src/stm32f4_discovery.o
                0x0800dd90                BSP_LED_Toggle
 .text.HAL_UART_MspInit
                0x0800ddb0       0x94 ./src/stm32f4xx_hal_msp.o
                0x0800ddb0                HAL_UART_MspInit
 .text.NMI_Handler
                0x0800de44        0x4 ./src/stm32f4xx_it.o
                0x0800de44                NMI_Handler
 .text.HardFault_Handler
                0x0800de48        0x4 ./src/stm32f4xx_it.o
                0x0800de48                HardFault_Handler
 .text.MemManage_Handler
                0x0800de4c        0x4 ./src/stm32f4xx_it.o
                0x0800de4c                MemManage_Handler
 .text.BusFault_Handler
                0x0800de50        0x4 ./src/stm32f4xx_it.o
                0x0800de50                BusFault_Handler
 .text.UsageFault_Handler
                0x0800de54        0x4 ./src/stm32f4xx_it.o
                0x0800de54                UsageFault_Handler
 .text.DebugMon_Handler
                0x0800de58        0x4 ./src/stm32f4xx_it.o
                0x0800de58                DebugMon_Handler
 .text.SysTick_Handler
                0x0800de5c       0x14 ./src/stm32f4xx_it.o
                0x0800de5c                SysTick_Handler
 .text.OTG_FS_IRQHandler
                0x0800de70       0x10 ./src/stm32f4xx_it.o
                0x0800de70                OTG_FS_IRQHandler
 .text.EXTI0_IRQHandler
                0x0800de80        0xc ./src/stm32f4xx_it.o
                0x0800de80                EXTI0_IRQHandler
 .text          0x0800de8c      0x370 /usr/local/gcc-arm-none-eabi-4_9-2015q1/bin/../lib/gcc/arm-none-eabi/4.9.3/armv7e-m/softfp/libgcc.a(_arm_addsubdf3.o)
                0x0800de8c                __aeabi_drsub
                0x0800de94                __aeabi_dsub
                0x0800de94                __subdf3
                0x0800de98                __adddf3
                0x0800de98                __aeabi_dadd
                0x0800e110                __aeabi_ui2d
                0x0800e110                __floatunsidf
                0x0800e130                __floatsidf
                0x0800e130                __aeabi_i2d
                0x0800e154                __extendsfdf2
                0x0800e154                __aeabi_f2d
                0x0800e190                __aeabi_ul2d
                0x0800e190                __floatundidf
                0x0800e1a0                __floatdidf
                0x0800e1a0                __aeabi_l2d
 .text          0x0800e1fc       0x40 /usr/local/gcc-arm-none-eabi-4_9-2015q1/bin/../lib/gcc/arm-none-eabi/4.9.3/armv7e-m/softfp/libgcc.a(_arm_fixunsdfsi.o)
                0x0800e1fc                __fixunsdfsi
                0x0800e1fc                __aeabi_d2uiz
 .text.__errno  0x0800e23c        0xc /usr/local/gcc-arm-none-eabi-4_9-2015q1/bin/../lib/gcc/arm-none-eabi/4.9.3/../../../../arm-none-eabi/lib/armv7e-m/softfp/libg_nano.a(lib_a-errno.o)
                0x0800e23c                __errno
 .text.malloc   0x0800e248       0x10 /usr/local/gcc-arm-none-eabi-4_9-2015q1/bin/../lib/gcc/arm-none-eabi/4.9.3/../../../../arm-none-eabi/lib/armv7e-m/softfp/libg_nano.a(lib_a-malloc.o)
                0x0800e248                malloc
 .text.memcmp   0x0800e258       0x20 /usr/local/gcc-arm-none-eabi-4_9-2015q1/bin/../lib/gcc/arm-none-eabi/4.9.3/../../../../arm-none-eabi/lib/armv7e-m/softfp/libg_nano.a(lib_a-memcmp.o)
                0x0800e258                memcmp
 .text.memcpy   0x0800e278       0x16 /usr/local/gcc-arm-none-eabi-4_9-2015q1/bin/../lib/gcc/arm-none-eabi/4.9.3/../../../../arm-none-eabi/lib/armv7e-m/softfp/libg_nano.a(lib_a-memcpy.o)
                0x0800e278                memcpy
 .text.memset   0x0800e28e       0x10 /usr/local/gcc-arm-none-eabi-4_9-2015q1/bin/../lib/gcc/arm-none-eabi/4.9.3/../../../../arm-none-eabi/lib/armv7e-m/softfp/libg_nano.a(lib_a-memset.o)
                0x0800e28e                memset
 *fill*         0x0800e29e        0x2 
 .text._free_r  0x0800e2a0       0x88 /usr/local/gcc-arm-none-eabi-4_9-2015q1/bin/../lib/gcc/arm-none-eabi/4.9.3/../../../../arm-none-eabi/lib/armv7e-m/softfp/libg_nano.a(lib_a-nano-freer.o)
                0x0800e2a0                _free_r
 .text._malloc_r
                0x0800e328       0xac /usr/local/gcc-arm-none-eabi-4_9-2015q1/bin/../lib/gcc/arm-none-eabi/4.9.3/../../../../arm-none-eabi/lib/armv7e-m/softfp/libg_nano.a(lib_a-nano-mallocr.o)
                0x0800e328                _malloc_r
 .text._sbrk_r  0x0800e3d4       0x20 /usr/local/gcc-arm-none-eabi-4_9-2015q1/bin/../lib/gcc/arm-none-eabi/4.9.3/../../../../arm-none-eabi/lib/armv7e-m/softfp/libg_nano.a(lib_a-sbrkr.o)
                0x0800e3d4                _sbrk_r
 .text.strlen   0x0800e3f4       0x10 /usr/local/gcc-arm-none-eabi-4_9-2015q1/bin/../lib/gcc/arm-none-eabi/4.9.3/../../../../arm-none-eabi/lib/armv7e-m/softfp/libg_nano.a(lib_a-strlen.o)
                0x0800e3f4                strlen
 .text._vsnprintf_r
                0x0800e404       0x52 /usr/local/gcc-arm-none-eabi-4_9-2015q1/bin/../lib/gcc/arm-none-eabi/4.9.3/../../../../arm-none-eabi/lib/armv7e-m/softfp/libg_nano.a(lib_a-vsnprintf.o)
                0x0800e404                _vsnprintf_r
                0x0800e404                _vsniprintf_r
 *fill*         0x0800e456        0x2 
 .text.vsnprintf
                0x0800e458       0x20 /usr/local/gcc-arm-none-eabi-4_9-2015q1/bin/../lib/gcc/arm-none-eabi/4.9.3/../../../../arm-none-eabi/lib/armv7e-m/softfp/libg_nano.a(lib_a-vsnprintf.o)
                0x0800e458                vsnprintf
                0x0800e458                vsniprintf
 .text.__ssputs_r
                0x0800e478       0xb2 /usr/local/gcc-arm-none-eabi-4_9-2015q1/bin/../lib/gcc/arm-none-eabi/4.9.3/../../../../arm-none-eabi/lib/armv7e-m/softfp/libg_nano.a(lib_a-nano-svfprintf.o)
                0x0800e478                __ssputs_r
 *fill*         0x0800e52a        0x2 
 .text._svfprintf_r
                0x0800e52c      0x1e4 /usr/local/gcc-arm-none-eabi-4_9-2015q1/bin/../lib/gcc/arm-none-eabi/4.9.3/../../../../arm-none-eabi/lib/armv7e-m/softfp/libg_nano.a(lib_a-nano-svfprintf.o)
                0x0800e52c                _svfprintf_r
                0x0800e52c                _svfiprintf_r
 .text._printf_common
                0x0800e710       0xea /usr/local/gcc-arm-none-eabi-4_9-2015q1/bin/../lib/gcc/arm-none-eabi/4.9.3/../../../../arm-none-eabi/lib/armv7e-m/softfp/libg_nano.a(lib_a-nano-vfprintf_i.o)
                0x0800e710                _printf_common
 *fill*         0x0800e7fa        0x2 
 .text._printf_i
                0x0800e7fc      0x240 /usr/local/gcc-arm-none-eabi-4_9-2015q1/bin/../lib/gcc/arm-none-eabi/4.9.3/../../../../arm-none-eabi/lib/armv7e-m/softfp/libg_nano.a(lib_a-nano-vfprintf_i.o)
                0x0800e7fc                _printf_i
 .text.memchr   0x0800ea3c       0x1e /usr/local/gcc-arm-none-eabi-4_9-2015q1/bin/../lib/gcc/arm-none-eabi/4.9.3/../../../../arm-none-eabi/lib/armv7e-m/softfp/libg_nano.a(lib_a-memchr.o)
                0x0800ea3c                memchr
 .text.memmove  0x0800ea5a       0x36 /usr/local/gcc-arm-none-eabi-4_9-2015q1/bin/../lib/gcc/arm-none-eabi/4.9.3/../../../../arm-none-eabi/lib/armv7e-m/softfp/libg_nano.a(lib_a-memmove.o)
                0x0800ea5a                memmove
 .text._realloc_r
                0x0800ea90       0x4c /usr/local/gcc-arm-none-eabi-4_9-2015q1/bin/../lib/gcc/arm-none-eabi/4.9.3/../../../../arm-none-eabi/lib/armv7e-m/softfp/libg_nano.a(lib_a-nano-reallocr.o)
                0x0800ea90                _realloc_r
 .text._malloc_usable_size_r
                0x0800eadc       0x14 /usr/local/gcc-arm-none-eabi-4_9-2015q1/bin/../lib/gcc/arm-none-eabi/4.9.3/../../../../arm-none-eabi/lib/armv7e-m/softfp/libg_nano.a(lib_a-nano-msizer.o)
                0x0800eadc                _malloc_usable_size_r
 *(.rodata .rodata.* .constdata .constdata.*)
 .rodata.str1.4
                0x0800eaf0       0x2e ./system/src/stm32f4-hal/stm32f4xx_hal_adc.o
                                 0x30 (size before relaxing)
 *fill*         0x0800eb1e        0x2 
 .rodata.str1.4
                0x0800eb20       0x31 ./system/src/stm32f4-hal/stm32f4xx_hal_cortex.o
                                 0x34 (size before relaxing)
 *fill*         0x0800eb51        0x3 
 .rodata.str1.4
                0x0800eb54       0x2f ./system/src/stm32f4-hal/stm32f4xx_hal_gpio.o
                                 0x30 (size before relaxing)
 *fill*         0x0800eb83        0x1 
 .rodata.APBAHBPrescTable
                0x0800eb84       0x10 ./system/src/stm32f4-hal/stm32f4xx_hal_rcc.o
                0x0800eb84                APBAHBPrescTable
 .rodata.str1.4
                0x0800eb94       0x2e ./system/src/stm32f4-hal/stm32f4xx_hal_rcc.o
                                 0x30 (size before relaxing)
 *fill*         0x0800ebc2        0x2 
 .rodata.str1.4
                0x0800ebc4       0x2f ./system/src/stm32f4-hal/stm32f4xx_hal_uart.o
                                 0x30 (size before relaxing)
 *fill*         0x0800ebf3        0x1 
 .rodata.str1.4
                0x0800ebf4       0x14 ./system/src/newlib/_exit.o
 .rodata.str1.4
                0x0800ec08       0x6b ./system/src/newlib/assert.o
                                 0x70 (size before relaxing)
 *fill*         0x0800ec73        0x1 
 .rodata.str1.4
                0x0800ec74       0x29 ./system/src/diag/Trace.o
                                 0x30 (size before relaxing)
 *fill*         0x0800ec9d        0x3 
 .rodata.str1.4
                0x0800eca0      0x146 ./system/src/cortexm/exception_handlers.o
                                0x148 (size before relaxing)
 *fill*         0x0800ede6        0x2 
 .rodata.rcon   0x0800ede8       0x28 ./src/Security/wolf/src/aes.o
 .rodata.Td     0x0800ee10     0x1400 ./src/Security/wolf/src/aes.o
 .rodata.Te     0x08010210     0x1400 ./src/Security/wolf/src/aes.o
 .rodata.pc1    0x08011610       0x38 ./src/Security/wolf/src/des3.o
 .rodata.pc2    0x08011648       0x30 ./src/Security/wolf/src/des3.o
 .rodata.bytebit
                0x08011678       0x20 ./src/Security/wolf/src/des3.o
 .rodata.Spbox  0x08011698      0x800 ./src/Security/wolf/src/des3.o
 .rodata.totrot
                0x08011e98       0x10 ./src/Security/wolf/src/des3.o
 *fill*         0x08011ea8       0x18 
 .rodata.K      0x08011ec0      0x100 ./src/Security/wolf/src/sha256.o
 .rodata.K512   0x08011fc0      0x280 ./src/Security/wolf/src/sha512.o
 .rodata        0x08012240       0x10 ./src/Security/src/join.o
 .rodata.key    0x08012250       0x10 ./src/Security/src/join.o
 .rodata.str1.4
                0x08012260        0x5 ./src/FreeRTOS/Source/tasks.o
                                  0x8 (size before relaxing)
 *fill*         0x08012265        0x3 
 .rodata.str1.4
                0x08012268       0x10 ./src/FreeRTOS/Source/timers.o
 .rodata.str1.4
                0x08012278       0x40 ./src/main.o
 .rodata.GPIO_PIN
                0x080122b8        0x8 ./src/stm32f4_discovery.o
                0x080122b8                GPIO_PIN
 .rodata.str1.1
                0x080122c0        0x2 /usr/local/gcc-arm-none-eabi-4_9-2015q1/bin/../lib/gcc/arm-none-eabi/4.9.3/../../../../arm-none-eabi/lib/armv7e-m/softfp/libg_nano.a(lib_a-impure.o)
 .rodata.str1.1
                0x080122c2       0x11 /usr/local/gcc-arm-none-eabi-4_9-2015q1/bin/../lib/gcc/arm-none-eabi/4.9.3/../../../../arm-none-eabi/lib/armv7e-m/softfp/libg_nano.a(lib_a-nano-svfprintf.o)
 .rodata.str1.1
                0x080122d3       0x22 /usr/local/gcc-arm-none-eabi-4_9-2015q1/bin/../lib/gcc/arm-none-eabi/4.9.3/../../../../arm-none-eabi/lib/armv7e-m/softfp/libg_nano.a(lib_a-nano-vfprintf_i.o)
 *(vtable)
 *(.eh_frame*)
 *(.glue_7)
 .glue_7        0x00000000        0x0 linker stubs
 *(.glue_7t)
 .glue_7t       0x00000000        0x0 linker stubs

.vfp11_veneer   0x080122f8        0x0
 .vfp11_veneer  0x00000000        0x0 linker stubs

.v4_bx          0x080122f8        0x0
 .v4_bx         0x00000000        0x0 linker stubs

.iplt           0x080122f8        0x0
 .iplt          0x00000000        0x0 ./system/src/stm32f4-hal/stm32f4xx_hal.o

.rel.dyn        0x080122f8        0x0
 .rel.iplt      0x00000000        0x0 ./system/src/stm32f4-hal/stm32f4xx_hal.o

.ARM.extab
 *(.ARM.extab* .gnu.linkonce.armextab.*)
                0x080122f8                . = ALIGN (0x4)
                0x080122f8                __exidx_start = .

.ARM.exidx
 *(.ARM.exidx* .gnu.linkonce.armexidx.*)
                0x080122f8                __exidx_end = .
                0x080122f8                . = ALIGN (0x4)
                0x080122f8                _etext = .
                0x080122f8                __etext = .

.data_CCMRAM    0x10000000        0x0 load address 0x080122f8
 FILL mask 0xff
 *(.data.CCMRAM .data.CCMRAM.*)
                0x10000000                . = ALIGN (0x4)
                0x080122f8                _sidata = LOADADDR (.data)

.data           0x20000000       0x94 load address 0x080122f8
 FILL mask 0xff
                0x20000000                _sdata = .
                0x20000000                __data_start__ = .
 *(.data_begin .data_begin.*)
 .data_begin    0x20000000        0x4 ./system/src/newlib/_startup.o
 *(.data .data.*)
 .data.argv.4062
                0x20000004        0x8 ./system/src/newlib/_syscalls.o
 .data.SystemCoreClock
                0x2000000c        0x4 ./system/src/cmsis/system_stm32f4xx.o
                0x2000000c                SystemCoreClock
 .data.STM32_UUID
                0x20000010        0x4 ./src/Security/src/join.o
                0x20000010                STM32_UUID
 .data.uxCriticalNesting
                0x20000014        0x4 ./src/FreeRTOS/Source/portable/GCC/ARM_CM4F/port.o
 .data.xNextTaskUnblockTime
                0x20000018        0x4 ./src/FreeRTOS/Source/tasks.o
 .data.GPIO_PORT
                0x2000001c       0x10 ./src/stm32f4_discovery.o
                0x2000001c                GPIO_PORT
 .data.impure_data
                0x2000002c       0x60 /usr/local/gcc-arm-none-eabi-4_9-2015q1/bin/../lib/gcc/arm-none-eabi/4.9.3/../../../../arm-none-eabi/lib/armv7e-m/softfp/libg_nano.a(lib_a-impure.o)
 .data._impure_ptr
                0x2000008c        0x4 /usr/local/gcc-arm-none-eabi-4_9-2015q1/bin/../lib/gcc/arm-none-eabi/4.9.3/../../../../arm-none-eabi/lib/armv7e-m/softfp/libg_nano.a(lib_a-impure.o)
                0x2000008c                _impure_ptr
 *(.data_end .data_end.*)
 .data_end      0x20000090        0x4 ./system/src/newlib/_startup.o
                0x20000094                . = ALIGN (0x4)
                0x20000094                _edata = .
                0x20000094                __data_end__ = .

.igot.plt       0x20000094        0x0 load address 0x0801238c
 .igot.plt      0x00000000        0x0 ./system/src/stm32f4-hal/stm32f4xx_hal.o

.bss_CCMRAM     0x10000000        0x0
 *(.bss.CCMRAM .bss.CCMRAM.*)

.bss            0x20000098     0x43c4
                0x20000098                __bss_start__ = .
                0x20000098                _sbss = .
 *(.bss_begin .bss_begin.*)
 .bss_begin     0x20000098        0x4 ./system/src/newlib/_startup.o
 *(.bss .bss.*)
 .bss.uwTick    0x2000009c        0x4 ./system/src/stm32f4-hal/stm32f4xx_hal.o
 .bss.current_heap_end.3856
                0x200000a0        0x4 ./system/src/newlib/_sbrk.o
 .bss.name.4061
                0x200000a4        0x4 ./system/src/newlib/_syscalls.o
 .bss.buf.4992  0x200000a8       0x80 ./system/src/diag/Trace.o
 .bss.frame     0x20000128       0x38 ./src/Security/src/join.o
 .bss.timestamp
                0x20000160        0x4 ./src/Security/src/join.o
 .bss.buffer_ricezione
                0x20000164       0x38 ./src/Security/src/libUART.o
 .bss.analog_data
                0x2000019c        0x4 ./src/GSI/gsi.o
                0x2000019c                analog_data
 .bss.xFreeBytesRemaining
                0x200001a0        0x4 ./src/FreeRTOS/Source/portable/MemMang/heap_4.o
 .bss.pxEnd     0x200001a4        0x4 ./src/FreeRTOS/Source/portable/MemMang/heap_4.o
 .bss.xStart    0x200001a8        0x8 ./src/FreeRTOS/Source/portable/MemMang/heap_4.o
 .bss.ucHeap    0x200001b0     0x3c00 ./src/FreeRTOS/Source/portable/MemMang/heap_4.o
 .bss.xBlockAllocatedBit
                0x20003db0        0x4 ./src/FreeRTOS/Source/portable/MemMang/heap_4.o
 .bss.xMinimumEverFreeBytesRemaining
                0x20003db4        0x4 ./src/FreeRTOS/Source/portable/MemMang/heap_4.o
 .bss.ucMaxSysCallPriority
                0x20003db8        0x1 ./src/FreeRTOS/Source/portable/GCC/ARM_CM4F/port.o
 *fill*         0x20003db9        0x3 
 .bss.ulMaxPRIGROUPValue
                0x20003dbc        0x4 ./src/FreeRTOS/Source/portable/GCC/ARM_CM4F/port.o
 .bss.pxDelayedTaskList
                0x20003dc0        0x4 ./src/FreeRTOS/Source/tasks.o
 .bss.xSchedulerRunning
                0x20003dc4        0x4 ./src/FreeRTOS/Source/tasks.o
 .bss.uxTasksDeleted
                0x20003dc8        0x4 ./src/FreeRTOS/Source/tasks.o
 .bss.xTasksWaitingTermination
                0x20003dcc       0x14 ./src/FreeRTOS/Source/tasks.o
 .bss.xDelayedTaskList2
                0x20003de0       0x14 ./src/FreeRTOS/Source/tasks.o
 .bss.uxPendedTicks
                0x20003df4        0x4 ./src/FreeRTOS/Source/tasks.o
 .bss.pxReadyTasksLists
                0x20003df8       0x8c ./src/FreeRTOS/Source/tasks.o
 .bss.uxSchedulerSuspended
                0x20003e84        0x4 ./src/FreeRTOS/Source/tasks.o
 .bss.uxCurrentNumberOfTasks
                0x20003e88        0x4 ./src/FreeRTOS/Source/tasks.o
 .bss.pxCurrentTCB
                0x20003e8c        0x4 ./src/FreeRTOS/Source/tasks.o
                0x20003e8c                pxCurrentTCB
 .bss.xPendingReadyList
                0x20003e90       0x14 ./src/FreeRTOS/Source/tasks.o
 .bss.xNumOfOverflows
                0x20003ea4        0x4 ./src/FreeRTOS/Source/tasks.o
 .bss.xTickCount
                0x20003ea8        0x4 ./src/FreeRTOS/Source/tasks.o
 .bss.pxOverflowDelayedTaskList
                0x20003eac        0x4 ./src/FreeRTOS/Source/tasks.o
 .bss.uxTaskNumber
                0x20003eb0        0x4 ./src/FreeRTOS/Source/tasks.o
 .bss.xDelayedTaskList1
                0x20003eb4       0x14 ./src/FreeRTOS/Source/tasks.o
 .bss.xSuspendedTaskList
                0x20003ec8       0x14 ./src/FreeRTOS/Source/tasks.o
 .bss.uxTopReadyPriority
                0x20003edc        0x4 ./src/FreeRTOS/Source/tasks.o
 .bss.xYieldPending
                0x20003ee0        0x4 ./src/FreeRTOS/Source/tasks.o
 .bss.pxCurrentTimerList
                0x20003ee4        0x4 ./src/FreeRTOS/Source/timers.o
 .bss.xActiveTimerList1
                0x20003ee8       0x14 ./src/FreeRTOS/Source/timers.o
 .bss.xActiveTimerList2
                0x20003efc       0x14 ./src/FreeRTOS/Source/timers.o
 .bss.xLastTime.4740
                0x20003f10        0x4 ./src/FreeRTOS/Source/timers.o
 .bss.xTimerQueue
                0x20003f14        0x4 ./src/FreeRTOS/Source/timers.o
 .bss.pxOverflowTimerList
                0x20003f18        0x4 ./src/FreeRTOS/Source/timers.o
 .bss.__malloc_sbrk_start
                0x20003f1c        0x4 /usr/local/gcc-arm-none-eabi-4_9-2015q1/bin/../lib/gcc/arm-none-eabi/4.9.3/../../../../arm-none-eabi/lib/armv7e-m/softfp/libg_nano.a(lib_a-nano-mallocr.o)
                0x20003f1c                __malloc_sbrk_start
 .bss.__malloc_free_list
                0x20003f20        0x4 /usr/local/gcc-arm-none-eabi-4_9-2015q1/bin/../lib/gcc/arm-none-eabi/4.9.3/../../../../arm-none-eabi/lib/armv7e-m/softfp/libg_nano.a(lib_a-nano-mallocr.o)
                0x20003f20                __malloc_free_list
 *(COMMON)
 COMMON         0x20003f24        0x4 ./system/src/newlib/_syscalls.o
                0x20003f24                errno
 COMMON         0x20003f28      0x290 ./src/usb/Core/Src/usbh_conf.o
                0x20003f28                hHCD
 COMMON         0x200041b8       0x60 ./src/Security/src/join.o
                0x200041b8                RngHandle
                0x200041c8                sch
                0x200041e8                CrcHandle
                0x200041f0                shh
                0x20004208                secret
 COMMON         0x20004218       0x75 ./src/Security/src/libUART.o
                0x20004218                huart5
                0x20004258                received_string
 *fill*         0x2000428d        0x3 
 COMMON         0x20004290      0x110 ./src/GSI/gsi.o
                0x20004290                hi2c3
                0x200042cc                hspi2
                0x20004324                spi_dato
                0x20004328                spi_rx_buffer
                0x2000432c                hadc1
                0x20004370                i2c_rx_buffer
                0x20004374                sendingBuffer
                0x20004378                receivingBuffer
                0x2000437c                i2c_dato
                0x2000437e                i2c_addres
                0x20004380                sensorlist
 COMMON         0x200043a0       0x40 ./src/FreeRTOS/Source/queue.o
                0x200043a0                xQueueRegistry
 COMMON         0x200043e0       0x78 ./src/main.o
                0x200043e0                id_list
                0x200043ec                sensor
                0x20004450                SN_mng_queue
                0x20004454                SN_tx_queue
 *(.bss_end .bss_end.*)
 .bss_end       0x20004458        0x4 ./system/src/newlib/_startup.o
                0x2000445c                . = ALIGN (0x4)
                0x2000445c                __bss_end__ = .
                0x2000445c                _ebss = .

.noinit_CCMRAM
 *(.noinit.CCMRAM .noinit.CCMRAM.*)

.noinit         0x2000445c        0x0
                0x2000445c                _noinit = .
 *(.noinit .noinit.*)
                0x2000445c                . = ALIGN (0x4)
                0x2000445c                _end_noinit = .
                0x2000445c                PROVIDE (end, _end_noinit)
                0x2000445c                PROVIDE (_end, _end_noinit)
                0x2000445c                PROVIDE (__end, _end_noinit)
                0x2000445c                PROVIDE (__end__, _end_noinit)

._check_stack   0x2000445c      0x100
                0x2000455c                . = (. + _Minimum_Stack_Size)
 *fill*         0x2000445c      0x100 

.b1text
 *(.b1text)
 *(.b1rodata)
 *(.b1rodata.*)

.eb0text
 *(.eb0text)
 *(.eb0rodata)
 *(.eb0rodata.*)

.eb1text
 *(.eb1text)
 *(.eb1rodata)
 *(.eb1rodata.*)

.eb2text
 *(.eb2text)
 *(.eb2rodata)
 *(.eb2rodata.*)

.eb3text
 *(.eb3text)
 *(.eb3rodata)
 *(.eb3rodata.*)

.stab
 *(.stab)

.stabstr
 *(.stabstr)

.stab.excl
 *(.stab.excl)

.stab.exclstr
 *(.stab.exclstr)

.stab.index
 *(.stab.index)

.stab.indexstr
 *(.stab.indexstr)

.comment        0x00000000       0x70
 *(.comment)
 .comment       0x00000000       0x70 ./system/src/stm32f4-hal/stm32f4xx_hal.o
                                 0x71 (size before relaxing)
 .comment       0x00000000       0x71 ./system/src/stm32f4-hal/stm32f4xx_hal_adc.o
 .comment       0x00000000       0x71 ./system/src/stm32f4-hal/stm32f4xx_hal_adc_ex.o
 .comment       0x00000000       0x71 ./system/src/stm32f4-hal/stm32f4xx_hal_cortex.o
 .comment       0x00000000       0x71 ./system/src/stm32f4-hal/stm32f4xx_hal_gpio.o
 .comment       0x00000000       0x71 ./system/src/stm32f4-hal/stm32f4xx_hal_hcd.o
 .comment       0x00000000       0x71 ./system/src/stm32f4-hal/stm32f4xx_hal_i2c.o
 .comment       0x00000000       0x71 ./system/src/stm32f4-hal/stm32f4xx_hal_rcc.o
 .comment       0x00000000       0x71 ./system/src/stm32f4-hal/stm32f4xx_hal_uart.o
 .comment       0x00000000       0x71 ./system/src/stm32f4-hal/stm32f4xx_ll_usb.o
 .comment       0x00000000       0x71 ./system/src/newlib/_exit.o
 .comment       0x00000000       0x71 ./system/src/newlib/_sbrk.o
 .comment       0x00000000       0x71 ./system/src/newlib/_startup.o
 .comment       0x00000000       0x71 ./system/src/newlib/_syscalls.o
 .comment       0x00000000       0x71 ./system/src/newlib/assert.o
 .comment       0x00000000       0x71 ./system/src/diag/Trace.o
 .comment       0x00000000       0x71 ./system/src/diag/trace_impl.o
 .comment       0x00000000       0x71 ./system/src/cortexm/_initialize_hardware.o
 .comment       0x00000000       0x71 ./system/src/cortexm/exception_handlers.o
 .comment       0x00000000       0x71 ./system/src/cmsis/system_stm32f4xx.o
 .comment       0x00000000       0x71 ./system/src/cmsis/vectors_stm32f4xx.o
 .comment       0x00000000       0x71 ./src/usb/Core/Src/usbh_conf.o
 .comment       0x00000000       0x71 ./src/usb/Core/Src/usbh_core.o
 .comment       0x00000000       0x71 ./src/usb/Core/Src/usbh_pipes.o
 .comment       0x00000000       0x71 ./src/Security/wolf/src/aes.o
 .comment       0x00000000       0x71 ./src/Security/wolf/src/arc4.o
 .comment       0x00000000       0x71 ./src/Security/wolf/src/des3.o
 .comment       0x00000000       0x71 ./src/Security/wolf/src/hmac.o
 .comment       0x00000000       0x71 ./src/Security/wolf/src/md5.o
 .comment       0x00000000       0x71 ./src/Security/wolf/src/sha.o
 .comment       0x00000000       0x71 ./src/Security/wolf/src/sha256.o
 .comment       0x00000000       0x71 ./src/Security/wolf/src/sha512.o
 .comment       0x00000000       0x71 ./src/Security/src/join.o
 .comment       0x00000000       0x71 ./src/Security/src/libUART.o
 .comment       0x00000000       0x71 ./src/Security/src/security.o
 .comment       0x00000000       0x71 ./src/Security/src/utils.o
 .comment       0x00000000       0x71 ./src/GSI/gsi.o
 .comment       0x00000000       0x71 ./src/GSI/gsi_it.o
 .comment       0x00000000       0x71 ./src/FreeRTOS/Source/portable/MemMang/heap_4.o
 .comment       0x00000000       0x71 ./src/FreeRTOS/Source/portable/GCC/ARM_CM4F/port.o
 .comment       0x00000000       0x71 ./src/FreeRTOS/Source/CMSIS_RTOS/cmsis_os.o
 .comment       0x00000000       0x71 ./src/FreeRTOS/Source/list.o
 .comment       0x00000000       0x71 ./src/FreeRTOS/Source/queue.o
 .comment       0x00000000       0x71 ./src/FreeRTOS/Source/tasks.o
 .comment       0x00000000       0x71 ./src/FreeRTOS/Source/timers.o
 .comment       0x00000000       0x71 ./src/_initialize_hardware.o
 .comment       0x00000000       0x71 ./src/main.o
 .comment       0x00000000       0x71 ./src/stm32f4_discovery.o
 .comment       0x00000000       0x71 ./src/stm32f4xx_hal_msp.o
 .comment       0x00000000       0x71 ./src/stm32f4xx_it.o

.ARM.attributes
                0x00000000       0x37
 .ARM.attributes
                0x00000000       0x37 ./system/src/stm32f4-hal/stm32f4xx_hal.o
 .ARM.attributes
                0x00000037       0x37 ./system/src/stm32f4-hal/stm32f4xx_hal_adc.o
 .ARM.attributes
                0x0000006e       0x37 ./system/src/stm32f4-hal/stm32f4xx_hal_adc_ex.o
 .ARM.attributes
                0x000000a5       0x37 ./system/src/stm32f4-hal/stm32f4xx_hal_cortex.o
 .ARM.attributes
                0x000000dc       0x37 ./system/src/stm32f4-hal/stm32f4xx_hal_gpio.o
 .ARM.attributes
                0x00000113       0x37 ./system/src/stm32f4-hal/stm32f4xx_hal_hcd.o
 .ARM.attributes
                0x0000014a       0x37 ./system/src/stm32f4-hal/stm32f4xx_hal_i2c.o
 .ARM.attributes
                0x00000181       0x37 ./system/src/stm32f4-hal/stm32f4xx_hal_rcc.o
 .ARM.attributes
                0x000001b8       0x37 ./system/src/stm32f4-hal/stm32f4xx_hal_uart.o
 .ARM.attributes
                0x000001ef       0x37 ./system/src/stm32f4-hal/stm32f4xx_ll_usb.o
 .ARM.attributes
                0x00000226       0x37 ./system/src/newlib/_exit.o
 .ARM.attributes
                0x0000025d       0x37 ./system/src/newlib/_sbrk.o
 .ARM.attributes
                0x00000294       0x37 ./system/src/newlib/_startup.o
 .ARM.attributes
                0x000002cb       0x37 ./system/src/newlib/_syscalls.o
 .ARM.attributes
                0x00000302       0x37 ./system/src/newlib/assert.o
 .ARM.attributes
                0x00000339       0x37 ./system/src/diag/Trace.o
 .ARM.attributes
                0x00000370       0x37 ./system/src/diag/trace_impl.o
 .ARM.attributes
                0x000003a7       0x37 ./system/src/cortexm/_initialize_hardware.o
 .ARM.attributes
                0x000003de       0x37 ./system/src/cortexm/exception_handlers.o
 .ARM.attributes
                0x00000415       0x37 ./system/src/cmsis/system_stm32f4xx.o
 .ARM.attributes
                0x0000044c       0x37 ./system/src/cmsis/vectors_stm32f4xx.o
 .ARM.attributes
                0x00000483       0x37 ./src/usb/Core/Src/usbh_conf.o
 .ARM.attributes
                0x000004ba       0x37 ./src/usb/Core/Src/usbh_core.o
 .ARM.attributes
                0x000004f1       0x37 ./src/usb/Core/Src/usbh_pipes.o
 .ARM.attributes
                0x00000528       0x37 ./src/Security/wolf/src/aes.o
 .ARM.attributes
                0x0000055f       0x37 ./src/Security/wolf/src/arc4.o
 .ARM.attributes
                0x00000596       0x37 ./src/Security/wolf/src/des3.o
 .ARM.attributes
                0x000005cd       0x37 ./src/Security/wolf/src/hmac.o
 .ARM.attributes
                0x00000604       0x37 ./src/Security/wolf/src/md5.o
 .ARM.attributes
                0x0000063b       0x37 ./src/Security/wolf/src/sha.o
 .ARM.attributes
                0x00000672       0x37 ./src/Security/wolf/src/sha256.o
 .ARM.attributes
                0x000006a9       0x37 ./src/Security/wolf/src/sha512.o
 .ARM.attributes
                0x000006e0       0x37 ./src/Security/src/join.o
 .ARM.attributes
                0x00000717       0x37 ./src/Security/src/libUART.o
 .ARM.attributes
                0x0000074e       0x37 ./src/Security/src/security.o
 .ARM.attributes
                0x00000785       0x37 ./src/Security/src/utils.o
 .ARM.attributes
                0x000007bc       0x37 ./src/GSI/gsi.o
 .ARM.attributes
                0x000007f3       0x37 ./src/GSI/gsi_it.o
 .ARM.attributes
                0x0000082a       0x37 ./src/FreeRTOS/Source/portable/MemMang/heap_4.o
 .ARM.attributes
                0x00000861       0x37 ./src/FreeRTOS/Source/portable/GCC/ARM_CM4F/port.o
 .ARM.attributes
                0x00000898       0x37 ./src/FreeRTOS/Source/CMSIS_RTOS/cmsis_os.o
 .ARM.attributes
                0x000008cf       0x37 ./src/FreeRTOS/Source/list.o
 .ARM.attributes
                0x00000906       0x37 ./src/FreeRTOS/Source/queue.o
 .ARM.attributes
                0x0000093d       0x37 ./src/FreeRTOS/Source/tasks.o
 .ARM.attributes
                0x00000974       0x37 ./src/FreeRTOS/Source/timers.o
 .ARM.attributes
                0x000009ab       0x37 ./src/_initialize_hardware.o
 .ARM.attributes
                0x000009e2       0x37 ./src/main.o
 .ARM.attributes
                0x00000a19       0x37 ./src/stm32f4_discovery.o
 .ARM.attributes
                0x00000a50       0x37 ./src/stm32f4xx_hal_msp.o
 .ARM.attributes
                0x00000a87       0x37 ./src/stm32f4xx_it.o
 .ARM.attributes
                0x00000abe       0x22 /usr/local/gcc-arm-none-eabi-4_9-2015q1/bin/../lib/gcc/arm-none-eabi/4.9.3/armv7e-m/softfp/libgcc.a(_arm_addsubdf3.o)
 .ARM.attributes
                0x00000ae0       0x22 /usr/local/gcc-arm-none-eabi-4_9-2015q1/bin/../lib/gcc/arm-none-eabi/4.9.3/armv7e-m/softfp/libgcc.a(_arm_fixunsdfsi.o)
 .ARM.attributes
                0x00000b02       0x32 /usr/local/gcc-arm-none-eabi-4_9-2015q1/bin/../lib/gcc/arm-none-eabi/4.9.3/../../../../arm-none-eabi/lib/armv7e-m/softfp/libg_nano.a(lib_a-errno.o)
 .ARM.attributes
                0x00000b34       0x32 /usr/local/gcc-arm-none-eabi-4_9-2015q1/bin/../lib/gcc/arm-none-eabi/4.9.3/../../../../arm-none-eabi/lib/armv7e-m/softfp/libg_nano.a(lib_a-impure.o)
 .ARM.attributes
                0x00000b66       0x32 /usr/local/gcc-arm-none-eabi-4_9-2015q1/bin/../lib/gcc/arm-none-eabi/4.9.3/../../../../arm-none-eabi/lib/armv7e-m/softfp/libg_nano.a(lib_a-malloc.o)
 .ARM.attributes
                0x00000b98       0x32 /usr/local/gcc-arm-none-eabi-4_9-2015q1/bin/../lib/gcc/arm-none-eabi/4.9.3/../../../../arm-none-eabi/lib/armv7e-m/softfp/libg_nano.a(lib_a-memcmp.o)
 .ARM.attributes
                0x00000bca       0x32 /usr/local/gcc-arm-none-eabi-4_9-2015q1/bin/../lib/gcc/arm-none-eabi/4.9.3/../../../../arm-none-eabi/lib/armv7e-m/softfp/libg_nano.a(lib_a-memcpy.o)
 .ARM.attributes
                0x00000bfc       0x32 /usr/local/gcc-arm-none-eabi-4_9-2015q1/bin/../lib/gcc/arm-none-eabi/4.9.3/../../../../arm-none-eabi/lib/armv7e-m/softfp/libg_nano.a(lib_a-memset.o)
 .ARM.attributes
                0x00000c2e       0x32 /usr/local/gcc-arm-none-eabi-4_9-2015q1/bin/../lib/gcc/arm-none-eabi/4.9.3/../../../../arm-none-eabi/lib/armv7e-m/softfp/libg_nano.a(lib_a-nano-freer.o)
 .ARM.attributes
                0x00000c60       0x32 /usr/local/gcc-arm-none-eabi-4_9-2015q1/bin/../lib/gcc/arm-none-eabi/4.9.3/../../../../arm-none-eabi/lib/armv7e-m/softfp/libg_nano.a(lib_a-nano-mallocr.o)
 .ARM.attributes
                0x00000c92       0x32 /usr/local/gcc-arm-none-eabi-4_9-2015q1/bin/../lib/gcc/arm-none-eabi/4.9.3/../../../../arm-none-eabi/lib/armv7e-m/softfp/libg_nano.a(lib_a-sbrkr.o)
 .ARM.attributes
                0x00000cc4       0x32 /usr/local/gcc-arm-none-eabi-4_9-2015q1/bin/../lib/gcc/arm-none-eabi/4.9.3/../../../../arm-none-eabi/lib/armv7e-m/softfp/libg_nano.a(lib_a-strlen.o)
 .ARM.attributes
                0x00000cf6       0x32 /usr/local/gcc-arm-none-eabi-4_9-2015q1/bin/../lib/gcc/arm-none-eabi/4.9.3/../../../../arm-none-eabi/lib/armv7e-m/softfp/libg_nano.a(lib_a-vsnprintf.o)
 .ARM.attributes
                0x00000d28       0x32 /usr/local/gcc-arm-none-eabi-4_9-2015q1/bin/../lib/gcc/arm-none-eabi/4.9.3/../../../../arm-none-eabi/lib/armv7e-m/softfp/libg_nano.a(lib_a-nano-svfprintf.o)
 .ARM.attributes
                0x00000d5a       0x32 /usr/local/gcc-arm-none-eabi-4_9-2015q1/bin/../lib/gcc/arm-none-eabi/4.9.3/../../../../arm-none-eabi/lib/armv7e-m/softfp/libg_nano.a(lib_a-nano-vfprintf_i.o)
 .ARM.attributes
                0x00000d8c       0x32 /usr/local/gcc-arm-none-eabi-4_9-2015q1/bin/../lib/gcc/arm-none-eabi/4.9.3/../../../../arm-none-eabi/lib/armv7e-m/softfp/libg_nano.a(lib_a-memchr.o)
 .ARM.attributes
                0x00000dbe       0x32 /usr/local/gcc-arm-none-eabi-4_9-2015q1/bin/../lib/gcc/arm-none-eabi/4.9.3/../../../../arm-none-eabi/lib/armv7e-m/softfp/libg_nano.a(lib_a-memmove.o)
 .ARM.attributes
                0x00000df0       0x32 /usr/local/gcc-arm-none-eabi-4_9-2015q1/bin/../lib/gcc/arm-none-eabi/4.9.3/../../../../arm-none-eabi/lib/armv7e-m/softfp/libg_nano.a(lib_a-nano-reallocr.o)
 .ARM.attributes
                0x00000e22       0x32 /usr/local/gcc-arm-none-eabi-4_9-2015q1/bin/../lib/gcc/arm-none-eabi/4.9.3/../../../../arm-none-eabi/lib/armv7e-m/softfp/libg_nano.a(lib_a-nano-msizer.o)

.debug
 *(.debug)

.line
 *(.line)

.debug_srcinfo
 *(.debug_srcinfo)

.debug_sfnames
 *(.debug_sfnames)

.debug_aranges  0x00000000     0x1958
 *(.debug_aranges)
 .debug_aranges
                0x00000000       0xc0 ./system/src/stm32f4-hal/stm32f4xx_hal.o
 .debug_aranges
                0x000000c0       0xe8 ./system/src/stm32f4-hal/stm32f4xx_hal_adc.o
 .debug_aranges
                0x000001a8       0x90 ./system/src/stm32f4-hal/stm32f4xx_hal_adc_ex.o
 .debug_aranges
                0x00000238       0x90 ./system/src/stm32f4-hal/stm32f4xx_hal_cortex.o
 .debug_aranges
                0x000002c8       0x58 ./system/src/stm32f4-hal/stm32f4xx_hal_gpio.o
 .debug_aranges
                0x00000320       0xe0 ./system/src/stm32f4-hal/stm32f4xx_hal_hcd.o
 .debug_aranges
                0x00000400      0x1e8 ./system/src/stm32f4-hal/stm32f4xx_hal_i2c.o
 .debug_aranges
                0x000005e8       0x88 ./system/src/stm32f4-hal/stm32f4xx_hal_rcc.o
 .debug_aranges
                0x00000670      0x150 ./system/src/stm32f4-hal/stm32f4xx_hal_uart.o
 .debug_aranges
                0x000007c0      0x180 ./system/src/stm32f4-hal/stm32f4xx_ll_usb.o
 .debug_aranges
                0x00000940       0x28 ./system/src/newlib/_exit.o
 .debug_aranges
                0x00000968       0x20 ./system/src/newlib/_sbrk.o
 .debug_aranges
                0x00000988       0x40 ./system/src/newlib/_startup.o
 .debug_aranges
                0x000009c8       0x30 ./system/src/newlib/_syscalls.o
 .debug_aranges
                0x000009f8       0x28 ./system/src/newlib/assert.o
 .debug_aranges
                0x00000a20       0x38 ./system/src/diag/Trace.o
 .debug_aranges
                0x00000a58       0x30 ./system/src/diag/trace_impl.o
 .debug_aranges
                0x00000a88       0x28 ./system/src/cortexm/_initialize_hardware.o
 .debug_aranges
                0x00000ab0       0x90 ./system/src/cortexm/exception_handlers.o
 .debug_aranges
                0x00000b40       0x28 ./system/src/cmsis/system_stm32f4xx.o
 .debug_aranges
                0x00000b68       0x20 ./system/src/cmsis/vectors_stm32f4xx.o
 .debug_aranges
                0x00000b88       0xc0 ./src/usb/Core/Src/usbh_conf.o
 .debug_aranges
                0x00000c48       0xb8 ./src/usb/Core/Src/usbh_core.o
 .debug_aranges
                0x00000d00       0x40 ./src/usb/Core/Src/usbh_pipes.o
 .debug_aranges
                0x00000d40       0x58 ./src/Security/wolf/src/aes.o
 .debug_aranges
                0x00000d98       0x28 ./src/Security/wolf/src/arc4.o
 .debug_aranges
                0x00000dc0       0x88 ./src/Security/wolf/src/des3.o
 .debug_aranges
                0x00000e48       0x48 ./src/Security/wolf/src/hmac.o
 .debug_aranges
                0x00000e90       0x40 ./src/Security/wolf/src/md5.o
 .debug_aranges
                0x00000ed0       0x40 ./src/Security/wolf/src/sha.o
 .debug_aranges
                0x00000f10       0x40 ./src/Security/wolf/src/sha256.o
 .debug_aranges
                0x00000f50       0x68 ./src/Security/wolf/src/sha512.o
 .debug_aranges
                0x00000fb8       0x68 ./src/Security/src/join.o
 .debug_aranges
                0x00001020       0x68 ./src/Security/src/libUART.o
 .debug_aranges
                0x00001088       0x58 ./src/Security/src/security.o
 .debug_aranges
                0x000010e0       0x28 ./src/Security/src/utils.o
 .debug_aranges
                0x00001108       0x80 ./src/GSI/gsi.o
 .debug_aranges
                0x00001188       0x30 ./src/GSI/gsi_it.o
 .debug_aranges
                0x000011b8       0x50 ./src/FreeRTOS/Source/portable/MemMang/heap_4.o
 .debug_aranges
                0x00001208       0x98 ./src/FreeRTOS/Source/portable/GCC/ARM_CM4F/port.o
 .debug_aranges
                0x000012a0      0x170 ./src/FreeRTOS/Source/CMSIS_RTOS/cmsis_os.o
 .debug_aranges
                0x00001410       0x40 ./src/FreeRTOS/Source/list.o
 .debug_aranges
                0x00001450       0xf8 ./src/FreeRTOS/Source/queue.o
 .debug_aranges
                0x00001548      0x180 ./src/FreeRTOS/Source/tasks.o
 .debug_aranges
                0x000016c8       0x90 ./src/FreeRTOS/Source/timers.o
 .debug_aranges
                0x00001758       0x28 ./src/_initialize_hardware.o
 .debug_aranges
                0x00001780       0x78 ./src/main.o
 .debug_aranges
                0x000017f8       0xd0 ./src/stm32f4_discovery.o
 .debug_aranges
                0x000018c8       0x30 ./src/stm32f4xx_hal_msp.o
 .debug_aranges
                0x000018f8       0x60 ./src/stm32f4xx_it.o

.debug_pubnames
 *(.debug_pubnames)

.debug_info     0x00000000    0x2b691
 *(.debug_info .gnu.linkonce.wi.*)
 .debug_info    0x00000000      0x997 ./system/src/stm32f4-hal/stm32f4xx_hal.o
 .debug_info    0x00000997     0x1117 ./system/src/stm32f4-hal/stm32f4xx_hal_adc.o
 .debug_info    0x00001aae      0xd54 ./system/src/stm32f4-hal/stm32f4xx_hal_adc_ex.o
 .debug_info    0x00002802      0xe1d ./system/src/stm32f4-hal/stm32f4xx_hal_cortex.o
 .debug_info    0x0000361f      0x830 ./system/src/stm32f4-hal/stm32f4xx_hal_gpio.o
 .debug_info    0x00003e4f     0x11db ./system/src/stm32f4-hal/stm32f4xx_hal_hcd.o
 .debug_info    0x0000502a     0x2a18 ./system/src/stm32f4-hal/stm32f4xx_hal_i2c.o
 .debug_info    0x00007a42     0x12a7 ./system/src/stm32f4-hal/stm32f4xx_hal_rcc.o
 .debug_info    0x00008ce9     0x14c9 ./system/src/stm32f4-hal/stm32f4xx_hal_uart.o
 .debug_info    0x0000a1b2     0x1630 ./system/src/stm32f4-hal/stm32f4xx_ll_usb.o
 .debug_info    0x0000b7e2      0x100 ./system/src/newlib/_exit.o
 .debug_info    0x0000b8e2      0x125 ./system/src/newlib/_sbrk.o
 .debug_info    0x0000ba07      0x50f ./system/src/newlib/_startup.o
 .debug_info    0x0000bf16      0x1a9 ./system/src/newlib/_syscalls.o
 .debug_info    0x0000c0bf      0x1b0 ./system/src/newlib/assert.o
 .debug_info    0x0000c26f      0x32b ./system/src/diag/Trace.o
 .debug_info    0x0000c59a      0x304 ./system/src/diag/trace_impl.o
 .debug_info    0x0000c89e      0x289 ./system/src/cortexm/_initialize_hardware.o
 .debug_info    0x0000cb27      0x8e7 ./system/src/cortexm/exception_handlers.o
 .debug_info    0x0000d40e      0x486 ./system/src/cmsis/system_stm32f4xx.o
 .debug_info    0x0000d894       0xd1 ./system/src/cmsis/vectors_stm32f4xx.o
 .debug_info    0x0000d965     0x1b0c ./src/usb/Core/Src/usbh_conf.o
 .debug_info    0x0000f471     0x17fd ./src/usb/Core/Src/usbh_core.o
 .debug_info    0x00010c6e      0xaa6 ./src/usb/Core/Src/usbh_pipes.o
 .debug_info    0x00011714     0x1221 ./src/Security/wolf/src/aes.o
 .debug_info    0x00012935      0x280 ./src/Security/wolf/src/arc4.o
 .debug_info    0x00012bb5     0x174f ./src/Security/wolf/src/des3.o
 .debug_info    0x00014304     0x106b ./src/Security/wolf/src/hmac.o
 .debug_info    0x0001536f      0x573 ./src/Security/wolf/src/md5.o
 .debug_info    0x000158e2     0x1bb4 ./src/Security/wolf/src/sha.o
 .debug_info    0x00017496      0xb4a ./src/Security/wolf/src/sha256.o
 .debug_info    0x00017fe0     0x4243 ./src/Security/wolf/src/sha512.o
 .debug_info    0x0001c223      0xfe6 ./src/Security/src/join.o
 .debug_info    0x0001d209      0xcaa ./src/Security/src/libUART.o
 .debug_info    0x0001deb3     0x1a40 ./src/Security/src/security.o
 .debug_info    0x0001f8f3      0x12a ./src/Security/src/utils.o
 .debug_info    0x0001fa1d     0x12c8 ./src/GSI/gsi.o
 .debug_info    0x00020ce5      0x827 ./src/GSI/gsi_it.o
 .debug_info    0x0002150c      0x39f ./src/FreeRTOS/Source/portable/MemMang/heap_4.o
 .debug_info    0x000218ab      0x3f3 ./src/FreeRTOS/Source/portable/GCC/ARM_CM4F/port.o
 .debug_info    0x00021c9e     0x196b ./src/FreeRTOS/Source/CMSIS_RTOS/cmsis_os.o
 .debug_info    0x00023609      0x29a ./src/FreeRTOS/Source/list.o
 .debug_info    0x000238a3     0x14bd ./src/FreeRTOS/Source/queue.o
 .debug_info    0x00024d60     0x1c1d ./src/FreeRTOS/Source/tasks.o
 .debug_info    0x0002697d      0xe71 ./src/FreeRTOS/Source/timers.o
 .debug_info    0x000277ee      0x624 ./src/_initialize_hardware.o
 .debug_info    0x00027e12      0xb88 ./src/main.o
 .debug_info    0x0002899a     0x1837 ./src/stm32f4_discovery.o
 .debug_info    0x0002a1d1      0xe84 ./src/stm32f4xx_hal_msp.o
 .debug_info    0x0002b055      0x63c ./src/stm32f4xx_it.o

.debug_abbrev   0x00000000     0x6b6e
 *(.debug_abbrev)
 .debug_abbrev  0x00000000      0x275 ./system/src/stm32f4-hal/stm32f4xx_hal.o
 .debug_abbrev  0x00000275      0x251 ./system/src/stm32f4-hal/stm32f4xx_hal_adc.o
 .debug_abbrev  0x000004c6      0x28f ./system/src/stm32f4-hal/stm32f4xx_hal_adc_ex.o
 .debug_abbrev  0x00000755      0x2d7 ./system/src/stm32f4-hal/stm32f4xx_hal_cortex.o
 .debug_abbrev  0x00000a2c      0x1fe ./system/src/stm32f4-hal/stm32f4xx_hal_gpio.o
 .debug_abbrev  0x00000c2a      0x296 ./system/src/stm32f4-hal/stm32f4xx_hal_hcd.o
 .debug_abbrev  0x00000ec0      0x236 ./system/src/stm32f4-hal/stm32f4xx_hal_i2c.o
 .debug_abbrev  0x000010f6      0x2c1 ./system/src/stm32f4-hal/stm32f4xx_hal_rcc.o
 .debug_abbrev  0x000013b7      0x276 ./system/src/stm32f4-hal/stm32f4xx_hal_uart.o
 .debug_abbrev  0x0000162d      0x247 ./system/src/stm32f4-hal/stm32f4xx_ll_usb.o
 .debug_abbrev  0x00001874       0xa4 ./system/src/newlib/_exit.o
 .debug_abbrev  0x00001918       0xbb ./system/src/newlib/_sbrk.o
 .debug_abbrev  0x000019d3      0x211 ./system/src/newlib/_startup.o
 .debug_abbrev  0x00001be4       0xe7 ./system/src/newlib/_syscalls.o
 .debug_abbrev  0x00001ccb       0xc9 ./system/src/newlib/assert.o
 .debug_abbrev  0x00001d94      0x178 ./system/src/diag/Trace.o
 .debug_abbrev  0x00001f0c      0x1bd ./system/src/diag/trace_impl.o
 .debug_abbrev  0x000020c9       0xd9 ./system/src/cortexm/_initialize_hardware.o
 .debug_abbrev  0x000021a2      0x23e ./system/src/cortexm/exception_handlers.o
 .debug_abbrev  0x000023e0      0x104 ./system/src/cmsis/system_stm32f4xx.o
 .debug_abbrev  0x000024e4       0x9d ./system/src/cmsis/vectors_stm32f4xx.o
 .debug_abbrev  0x00002581      0x32e ./src/usb/Core/Src/usbh_conf.o
 .debug_abbrev  0x000028af      0x3b3 ./src/usb/Core/Src/usbh_core.o
 .debug_abbrev  0x00002c62      0x25b ./src/usb/Core/Src/usbh_pipes.o